Component: ARM Compiler 5.05 (build 41) Tool: armlink [4d0eb9]

==============================================================================

Section Cross References

    main.o(.text) refers to _printf_percent.o(.ARM.Collect$$_printf_percent$$00000000) for _printf_percent
    main.o(.text) refers to _printf_d.o(.ARM.Collect$$_printf_percent$$00000009) for _printf_d
    main.o(.text) refers to _printf_dec.o(.text) for _printf_int_dec
    main.o(.text) refers to delay.o(.text) for delay_init
    main.o(.text) refers to sys.o(.text) for NVIC_Configuration
    main.o(.text) refers to usart.o(.text) for uart_init
    main.o(.text) refers to lcd.o(.text) for LCD_Init
    main.o(.text) refers to led.o(.text) for LED_Init
    main.o(.text) refers to key.o(.text) for KEY_Init
    main.o(.text) refers to touch.o(.text) for TP_Init
    main.o(.text) refers to malloc.o(.text) for mem_init
    main.o(.text) refers to recognition.o(.text) for alientek_ncr_init
    main.o(.text) refers to fontupd.o(.text) for font_init
    main.o(.text) refers to text.o(.text) for Show_Str
    main.o(.text) refers to noretval__2printf.o(.text) for __2printf
    main.o(.text) refers to write.o(.text) for WriteSignal
    main.o(.text) refers to method.o(.text) for MemClear
    main.o(.text) refers to lcd.o(.data) for POINT_COLOR
    main.o(.text) refers to touch.o(.data) for tp_dev
    main.o(.text) refers to main.o(.bss) for READ_BUF
    main.o(.text) refers to main.o(.data) for fuck
    system_stm32f10x.o(.text) refers to system_stm32f10x.o(.data) for SystemCoreClock
    write.o(.text) refers to lcd.o(.text) for LCD_DrawPoint
    write.o(.text) refers to write.o(.data) for CurPointX
    led.o(.text) refers to stm32f10x_rcc.o(.text) for RCC_APB2PeriphClockCmd
    led.o(.text) refers to stm32f10x_gpio.o(.text) for GPIO_Init
    key.o(.text) refers to stm32f10x_rcc.o(.text) for RCC_APB2PeriphClockCmd
    key.o(.text) refers to stm32f10x_gpio.o(.text) for GPIO_Init
    key.o(.text) refers to delay.o(.text) for delay_ms
    key.o(.text) refers to key.o(.data) for key_up
    lcd.o(.text) refers to _printf_percent.o(.ARM.Collect$$_printf_percent$$00000000) for _printf_percent
    lcd.o(.text) refers to _printf_x.o(.ARM.Collect$$_printf_percent$$0000000C) for _printf_x
    lcd.o(.text) refers to _printf_hex_int.o(.text) for _printf_longlong_hex
    lcd.o(.text) refers to delay.o(.text) for delay_us
    lcd.o(.text) refers to lcd.o(.bss) for lcddev
    lcd.o(.text) refers to lcd.o(.data) for POINT_COLOR
    lcd.o(.text) refers to stm32f10x_rcc.o(.text) for RCC_AHBPeriphClockCmd
    lcd.o(.text) refers to stm32f10x_gpio.o(.text) for GPIO_Init
    lcd.o(.text) refers to stm32f10x_fsmc.o(.text) for FSMC_NORSRAMInit
    lcd.o(.text) refers to noretval__2printf.o(.text) for __2printf
    lcd.o(.text) refers to lcd.o(.constdata) for asc2_1206
    spi.o(.text) refers to stm32f10x_spi.o(.text) for SPI_I2S_GetFlagStatus
    spi.o(.text) refers to stm32f10x_rcc.o(.text) for RCC_APB2PeriphClockCmd
    spi.o(.text) refers to stm32f10x_gpio.o(.text) for GPIO_Init
    24cxx.o(.text) refers to myiic.o(.text) for IIC_Init
    24cxx.o(.text) refers to delay.o(.text) for delay_ms
    sram.o(.text) refers to stm32f10x_rcc.o(.text) for RCC_APB2PeriphClockCmd
    sram.o(.text) refers to stm32f10x_gpio.o(.text) for GPIO_Init
    sram.o(.text) refers to stm32f10x_fsmc.o(.text) for FSMC_NORSRAMInit
    touch.o(.text) refers to delay.o(.text) for delay_us
    touch.o(.text) refers to lcd.o(.text) for LCD_DrawLine
    touch.o(.text) refers to fflt_clz.o(x$fpl$fflt) for __aeabi_i2f
    touch.o(.text) refers to fflt_clz.o(x$fpl$ffltu) for __aeabi_ui2f
    touch.o(.text) refers to fmul.o(x$fpl$fmul) for __aeabi_fmul
    touch.o(.text) refers to faddsub_clz.o(x$fpl$fadd) for __aeabi_fadd
    touch.o(.text) refers to ffixu.o(x$fpl$ffixu) for __aeabi_f2uiz
    touch.o(.text) refers to ffix.o(x$fpl$ffix) for __aeabi_f2iz
    touch.o(.text) refers to 24cxx.o(.text) for AT24CXX_WriteLenByte
    touch.o(.text) refers to touch.o(.data) for CMD_RDX
    touch.o(.text) refers to lcd.o(.data) for POINT_COLOR
    touch.o(.text) refers to fdiv.o(x$fpl$fdiv) for __aeabi_fdiv
    touch.o(.text) refers to dflt_clz.o(x$fpl$dfltu) for __aeabi_ui2d
    touch.o(.text) refers to sqrt.o(i.sqrt) for sqrt
    touch.o(.text) refers to dfixu.o(x$fpl$dfixu) for __aeabi_d2uiz
    touch.o(.text) refers to lcd.o(.bss) for lcddev
    touch.o(.text) refers to f2d.o(x$fpl$f2d) for __aeabi_f2d
    touch.o(.text) refers to dleqf.o(x$fpl$dleqf) for __aeabi_cdcmple
    touch.o(.text) refers to drleqf.o(x$fpl$drleqf) for __aeabi_cdrcmple
    touch.o(.text) refers to faddsub_clz.o(x$fpl$fsub) for __aeabi_fsub
    touch.o(.text) refers to ott2001a.o(.text) for OTT2001A_Init
    touch.o(.text) refers to stm32f10x_rcc.o(.text) for RCC_APB2PeriphClockCmd
    touch.o(.text) refers to stm32f10x_gpio.o(.text) for GPIO_Init
    touch.o(.data) refers to touch.o(.text) for TP_Init
[...]
    .bss                                     0x2000c20c   Section       16  fontupd.o(.bss)
    .bss                                     0x2000c21c   Section       40  recognition.o(.bss)
    .bss                                     0x2000c244   Section       96  libspace.o(.bss)
    HEAP                                     0x2000c2a8   Section      512  startup_stm32f10x_hd.o(HEAP)
    Heap_Mem                                 0x2000c2a8   Data         512  startup_stm32f10x_hd.o(HEAP)
    STACK                                    0x2000c4a8   Section     1024  startup_stm32f10x_hd.o(STACK)
    Stack_Mem                                0x2000c4a8   Data        1024  startup_stm32f10x_hd.o(STACK)
    __initial_sp                             0x2000c8a8   Data           0  startup_stm32f10x_hd.o(STACK)
    .ARM.__AT_0x68000000                     0x68000000   Section    196608  malloc.o(.ARM.__AT_0x68000000)
    .ARM.__AT_0x68030000                     0x68030000   Section    12288  malloc.o(.ARM.__AT_0x68030000)

    Global Symbols

    Symbol Name                              Value     Ov Type        Size  Object(Section)

    BuildAttributes$$THM_ISAv4$P$D$K$B$S$PE$A:L22UL41UL21$X:L11$S22US41US21$IEEE1$IW$USESV6$~STKCKD$USESV7$~SHL$OTIME$ROPI$IEEEX$EBA8$UX$STANDARDLIB$REQ8$PRES8$EABIv2 0x00000000   Number         0  anon$$obj.o ABSOLUTE
    __ARM_use_no_argv                        0x00000000   Number         0  main.o ABSOLUTE
    __ARM_exceptions_init                     - Undefined Weak Reference
    __alloca_initialize                       - Undefined Weak Reference
    __arm_preinit_                            - Undefined Weak Reference
    __cpp_initialize__aeabi_                  - Undefined Weak Reference
    __cxa_finalize                            - Undefined Weak Reference
    __rt_locale                               - Undefined Weak Reference
    __sigvec_lookup                           - Undefined Weak Reference
    _atexit_init                              - Undefined Weak Reference
    _call_atexit_fns                          - Undefined Weak Reference
    _clock_init                               - Undefined Weak Reference
    _fp_trap_init                             - Undefined Weak Reference
    _fp_trap_shutdown                         - Undefined Weak Reference
    _get_lc_collate                           - Undefined Weak Reference
    _get_lc_ctype                             - Undefined Weak Reference
    _get_lc_monetary                          - Undefined Weak Reference
    _get_lc_numeric                           - Undefined Weak Reference
    _get_lc_time                              - Undefined Weak Reference
    _getenv_init                              - Undefined Weak Reference
    _handle_redirection                       - Undefined Weak Reference
    _init_alloc                               - Undefined Weak Reference
    _init_user_alloc                          - Undefined Weak Reference
    _initio                                   - Undefined Weak Reference
    _mutex_acquire                            - Undefined Weak Reference
    _mutex_release                            - Undefined Weak Reference
    _printf_mbtowc                            - Undefined Weak Reference
    _printf_post_padding                      - Undefined Weak Reference
    _printf_pre_padding                       - Undefined Weak Reference
    _printf_truncate_signed                   - Undefined Weak Reference
    _printf_truncate_unsigned                 - Undefined Weak Reference
    _rand_init                                - Undefined Weak Reference
    _signal_finish                            - Undefined Weak Reference
    _signal_init                              - Undefined Weak Reference
    _terminate_alloc                          - Undefined Weak Reference
    _terminate_user_alloc                     - Undefined Weak Reference
    _terminateio                              - Undefined Weak Reference
    __Vectors_Size                           0x00000130   Number         0  startup_stm32f10x_hd.o ABSOLUTE
    __Vectors                                0x08000000   Data           4  startup_stm32f10x_hd.o(RESET)
    __Vectors_End                            0x08000130   Data           0  startup_stm32f10x_hd.o(RESET)
    __main                                   0x08000131   Thumb Code     8  __main.o(!!!main)
    __scatterload                            0x08000139   Thumb Code     0  __scatter.o(!!!scatter)
    __scatterload_rt2                        0x08000139   Thumb Code    44  __scatter.o(!!!scatter)
    __scatterload_rt2_thumb_only             0x08000139   Thumb Code     0  __scatter.o(!!!scatter)
    __scatterload_null                       0x08000147   Thumb Code     0  __scatter.o(!!!scatter)
    __scatterload_copy                       0x0800016d   Thumb Code    26  __scatter_copy.o(!!handler_copy)
    __scatterload_zeroinit                   0x08000189   Thumb Code    28  __scatter_zi.o(!!handler_zi)
    _printf_d                                0x080001a5   Thumb Code     0  _printf_d.o(.ARM.Collect$$_printf_percent$$00000009)
    _printf_percent                          0x080001a5   Thumb Code     0  _printf_percent.o(.ARM.Collect$$_printf_percent$$00000000)
    _printf_x                                0x080001ab   Thumb Code     0  _printf_x.o(.ARM.Collect$$_printf_percent$$0000000C)
    _printf_percent_end                      0x080001b1   Thumb Code     0  _printf_percent_end.o(.ARM.Collect$$_printf_percent$$00000017)
    __rt_lib_init                            0x080001b5   Thumb Code     0  libinit.o(.ARM.Collect$$libinit$$00000000)
    __rt_lib_init_alloca_1                   0x080001b7   Thumb Code     0  libinit2.o(.ARM.Collect$$libinit$$0000002E)
    __rt_lib_init_argv_1                     0x080001b7   Thumb Code     0  libinit2.o(.ARM.Collect$$libinit$$0000002C)
    __rt_lib_init_atexit_1                   0x080001b7   Thumb Code     0  libinit2.o(.ARM.Collect$$libinit$$0000001B)
    __rt_lib_init_clock_1                    0x080001b7   Thumb Code     0  libinit2.o(.ARM.Collect$$libinit$$00000021)
    __rt_lib_init_cpp_1                      0x080001b7   Thumb Code     0  libinit2.o(.ARM.Collect$$libinit$$00000032)
    __rt_lib_init_exceptions_1               0x080001b7   Thumb Code     0  libinit2.o(.ARM.Collect$$libinit$$00000030)
    __rt_lib_init_fp_1                       0x080001b7   Thumb Code     0  libinit2.o(.ARM.Collect$$libinit$$00000002)
    __rt_lib_init_fp_trap_1                  0x080001b7   Thumb Code     0  libinit2.o(.ARM.Collect$$libinit$$0000001F)
    __rt_lib_init_getenv_1                   0x080001b7   Thumb Code     0  libinit2.o(.ARM.Collect$$libinit$$00000023)
    __rt_lib_init_heap_1                     0x080001b7   Thumb Code     0  libinit2.o(.ARM.Collect$$libinit$$0000000A)
    __rt_lib_init_lc_collate_1               0x080001b7   Thumb Code     0  libinit2.o(.ARM.Collect$$libinit$$00000011)
    __rt_lib_init_lc_ctype_1                 0x080001b7   Thumb Code     0  libinit2.o(.ARM.Collect$$libinit$$00000013)
    __rt_lib_init_lc_monetary_1              0x080001b7   Thumb Code     0  libinit2.o(.ARM.Collect$$libinit$$00000015)
    __rt_lib_init_lc_numeric_1               0x080001b7   Thumb Code     0  libinit2.o(.ARM.Collect$$libinit$$00000017)
    __rt_lib_init_lc_time_1                  0x080001b7   Thumb Code     0  libinit2.o(.ARM.Collect$$libinit$$00000019)
    __rt_lib_init_preinit_1                  0x080001b7   Thumb Code     0  libinit2.o(.ARM.Collect$$libinit$$00000004)
    __rt_lib_init_rand_1                     0x080001b7   Thumb Code     0  libinit2.o(.ARM.Collect$$libinit$$0000000E)
    __rt_lib_init_return                     0x080001b7   Thumb Code     0  libinit2.o(.ARM.Collect$$libinit$$00000033)
    __rt_lib_init_signal_1                   0x080001b7   Thumb Code     0  libinit2.o(.ARM.Collect$$libinit$$0000001D)
    __rt_lib_init_stdio_1                    0x080001b7   Thumb Code     0  libinit2.o(.ARM.Collect$$libinit$$00000025)
    __rt_lib_init_user_alloc_1               0x080001b7   Thumb Code     0  libinit2.o(.ARM.Collect$$libinit$$0000000C)
    __rt_lib_shutdown                        0x080001b9   Thumb Code     0  libshutdown.o(.ARM.Collect$$libshutdown$$00000000)
    __rt_lib_shutdown_fp_trap_1              0x080001bb   Thumb Code     0  libshutdown2.o(.ARM.Collect$$libshutdown$$00000006)
    __rt_lib_shutdown_heap_1                 0x080001bb   Thumb Code     0  libshutdown2.o(.ARM.Collect$$libshutdown$$0000000E)
    __rt_lib_shutdown_return                 0x080001bb   Thumb Code     0  libshutdown2.o(.ARM.Collect$$libshutdown$$0000000F)
    __rt_lib_shutdown_signal_1               0x080001bb   Thumb Code     0  libshutdown2.o(.ARM.Collect$$libshutdown$$00000009)
    __rt_lib_shutdown_stdio_1                0x080001bb   Thumb Code     0  libshutdown2.o(.ARM.Collect$$libshutdown$$00000003)
    __rt_lib_shutdown_user_alloc_1           0x080001bb   Thumb Code     0  libshutdown2.o(.ARM.Collect$$libshutdown$$0000000B)
    __rt_entry                               0x080001bd   Thumb Code     0  __rtentry.o(.ARM.Collect$$rtentry$$00000000)
    __rt_entry_presh_1                       0x080001bd   Thumb Code     0  __rtentry2.o(.ARM.Collect$$rtentry$$00000002)
    __rt_entry_sh                            0x080001bd   Thumb Code     0  __rtentry4.o(.ARM.Collect$$rtentry$$00000004)
    __rt_entry_li                            0x080001c3   Thumb Code     0  __rtentry2.o(.ARM.Collect$$rtentry$$0000000A)
    __rt_entry_postsh_1                      0x080001c3   Thumb Code     0  __rtentry2.o(.ARM.Collect$$rtentry$$00000009)
    __rt_entry_main                          0x080001c7   Thumb Code     0  __rtentry2.o(.ARM.Collect$$rtentry$$0000000D)
    __rt_entry_postli_1                      0x080001c7   Thumb Code     0  __rtentry2.o(.ARM.Collect$$rtentry$$0000000C)
    __rt_exit                                0x080001cf   Thumb Code     0  rtexit.o(.ARM.Collect$$rtexit$$00000000)
    __rt_exit_ls                             0x080001d1   Thumb Code     0  rtexit2.o(.ARM.Collect$$rtexit$$00000003)
    __rt_exit_prels_1                        0x080001d1   Thumb Code     0  rtexit2.o(.ARM.Collect$$rtexit$$00000002)
    __rt_exit_exit                           0x080001d5   Thumb Code     0  rtexit2.o(.ARM.Collect$$rtexit$$00000004)
    main                                     0x080001dd   Thumb Code   940  main.o(.text)
    NMI_Handler                              0x08000619   Thumb Code     2  stm32f10x_it.o(.text)
    HardFault_Handler                        0x0800061b   Thumb Code     4  stm32f10x_it.o(.text)
    MemManage_Handler                        0x0800061f   Thumb Code     4  stm32f10x_it.o(.text)
    BusFault_Handler                         0x08000623   Thumb Code     4  stm32f10x_it.o(.text)
    UsageFault_Handler                       0x08000627   Thumb Code     4  stm32f10x_it.o(.text)
    SVC_Handler                              0x0800062b   Thumb Code     2  stm32f10x_it.o(.text)
    DebugMon_Handler                         0x0800062d   Thumb Code     2  stm32f10x_it.o(.text)
    PendSV_Handler                           0x0800062f   Thumb Code     2  stm32f10x_it.o(.text)
    SysTick_Handler                          0x08000631   Thumb Code     2  stm32f10x_it.o(.text)
    SystemInit                               0x08000713   Thumb Code    78  system_stm32f10x.o(.text)
    SystemCoreClockUpdate                    0x08000761   Thumb Code   142  system_stm32f10x.o(.text)
    PosCheck                                 0x08000815   Thumb Code    30  write.o(.text)
    Xmoto                                    0x08000833   Thumb Code   164  write.o(.text)
    Ymoto                                    0x080008d7   Thumb Code   168  write.o(.text)
    Zmoto                                    0x0800097f   Thumb Code     2  write.o(.text)
    PenUpDown                                0x08000981   Thumb Code    18  write.o(.text)
    MovePoint                                0x08000993   Thumb Code   184  write.o(.text)
    WriteSignal                              0x08000a4b   Thumb Code   116  write.o(.text)
    MemClear                                 0x08000acd   Thumb Code    18  method.o(.text)
    LED_Init                                 0x08000ae1   Thumb Code    68  led.o(.text)
    KEY_Init                                 0x08000b2d   Thumb Code    52  key.o(.text)
    KEY_Scan                                 0x08000b61   Thumb Code   188  key.o(.text)
    LCD_WR_REG                               0x08000c29   Thumb Code     6  lcd.o(.text)
    LCD_WR_DATA                              0x08000c2f   Thumb Code     8  lcd.o(.text)
    LCD_RD_DATA                              0x08000c37   Thumb Code     8  lcd.o(.text)
    LCD_WriteReg                             0x08000c3f   Thumb Code    10  lcd.o(.text)
    LCD_ReadReg                              0x08000c49   Thumb Code    22  lcd.o(.text)
    LCD_WriteRAM_Prepare                     0x08000c5f   Thumb Code    10  lcd.o(.text)
    LCD_WriteRAM                             0x08000c69   Thumb Code     8  lcd.o(.text)
    LCD_BGR2RGB                              0x08000c71   Thumb Code    26  lcd.o(.text)
    opt_delay                                0x08000c8b   Thumb Code    14  lcd.o(.text)
    LCD_SetCursor                            0x08000c99   Thumb Code   262  lcd.o(.text)
    LCD_ReadPoint                            0x08000d9f   Thumb Code   358  lcd.o(.text)
    LCD_DisplayOn                            0x08000f05   Thumb Code    80  lcd.o(.text)
    LCD_DisplayOff                           0x08000f55   Thumb Code    78  lcd.o(.text)
    LCD_Scan_Dir                             0x08000fa3   Thumb Code   718  lcd.o(.text)
    LCD_DrawPoint                            0x08001271   Thumb Code    28  lcd.o(.text)
    LCD_Fast_DrawPoint                       0x0800128d   Thumb Code   278  lcd.o(.text)
    LCD_Display_Dir                          0x080013a3   Thumb Code   432  lcd.o(.text)
    LCD_Set_Window                           0x08001553   Thumb Code   422  lcd.o(.text)
    LCD_Clear                                0x080016f9   Thumb Code   100  lcd.o(.text)
    LCD_Init                                 0x0800175d   Thumb Code 14098  lcd.o(.text)
    LCD_Fill                                 0x08004e6f   Thumb Code   178  lcd.o(.text)
    LCD_Color_Fill                           0x08004f21   Thumb Code   100  lcd.o(.text)
    LCD_DrawLine                             0x08004f85   Thumb Code   176  lcd.o(.text)
    LCD_DrawRectangle                        0x08005035   Thumb Code    60  lcd.o(.text)
    Draw_Circle                              0x08005071   Thumb Code   152  lcd.o(.text)
    LCD_ShowChar                             0x08005109   Thumb Code   340  lcd.o(.text)
    LCD_Pow                                  0x0800525d   Thumb Code    22  lcd.o(.text)
    LCD_ShowNum                              0x08005273   Thumb Code   148  lcd.o(.text)
    LCD_ShowxNum                             0x08005307   Thumb Code   218  lcd.o(.text)
    LCD_ShowString                           0x080053e1   Thumb Code   102  lcd.o(.text)
    SPI2_ReadWriteByte                       0x08005449   Thumb Code    78  spi.o(.text)
    SPI1_Init                                0x08005497   Thumb Code   130  spi.o(.text)
    SPI2_Init                                0x08005519   Thumb Code   140  spi.o(.text)
    SPI2_SetSpeed                            0x080055a5   Thumb Code    36  spi.o(.text)
    SPI1_SetSpeed                            0x080055c9   Thumb Code    36  spi.o(.text)
    SPI1_ReadWriteByte                       0x080055ed   Thumb Code    78  spi.o(.text)
    AT24CXX_Init                             0x0800564d   Thumb Code     8  24cxx.o(.text)
    AT24CXX_ReadOneByte                      0x08005655   Thumb Code    88  24cxx.o(.text)
    AT24CXX_WriteOneByte                     0x080056ad   Thumb Code    80  24cxx.o(.text)
    AT24CXX_WriteLenByte                     0x080056fd   Thumb Code    42  24cxx.o(.text)
    AT24CXX_ReadLenByte                      0x08005727   Thumb Code    44  24cxx.o(.text)
    AT24CXX_Check                            0x08005753   Thumb Code    46  24cxx.o(.text)
    AT24CXX_Read                             0x08005781   Thumb Code    34  24cxx.o(.text)
    AT24CXX_Write                            0x080057a3   Thumb Code    36  24cxx.o(.text)
    TP_Write_Byte                            0x080057c9   Thumb Code    54  touch.o(.text)
    TP_Read_AD                               0x080057ff   Thumb Code   126  touch.o(.text)
    TP_Read_XOY                              0x0800587d   Thumb Code   120  touch.o(.text)
    TP_Read_XY                               0x080058f5   Thumb Code    38  touch.o(.text)
    TP_Read_XY2                              0x0800591b   Thumb Code   192  touch.o(.text)
    TP_Drow_Touch_Point                      0x080059db   Thumb Code   108  touch.o(.text)
    TP_Draw_Big_Point                        0x08005a47   Thumb Code    54  touch.o(.text)
    TP_Scan                                  0x08005a7d   Thumb Code   264  touch.o(.text)
    TP_Save_Adjdata                          0x08005b85   Thumb Code   154  touch.o(.text)
    TP_Get_Adjdata                           0x08005c1f   Thumb Code   152  touch.o(.text)
    TP_Adj_Info_Show                         0x08005cb7   Thumb Code   376  touch.o(.text)
    TP_Adjust                                0x08005e2f   Thumb Code  2112  touch.o(.text)
    TP_Init                                  0x0800666f   Thumb Code   206  touch.o(.text)
    CT_Delay                                 0x08006789   Thumb Code    10  ctiic.o(.text)
    CT_IIC_Init                              0x08006793   Thumb Code    72  ctiic.o(.text)
    CT_IIC_Start                             0x080067db   Thumb Code    64  ctiic.o(.text)
    CT_IIC_Stop                              0x0800681b   Thumb Code    62  ctiic.o(.text)
    CT_IIC_Wait_Ack                          0x08006859   Thumb Code    88  ctiic.o(.text)
    CT_IIC_Ack                               0x080068b1   Thumb Code    66  ctiic.o(.text)
    CT_IIC_NAck                              0x080068f3   Thumb Code    66  ctiic.o(.text)
    CT_IIC_Send_Byte                         0x08006935   Thumb Code    82  ctiic.o(.text)
    CT_IIC_Read_Byte                         0x08006987   Thumb Code    96  ctiic.o(.text)
    OTT2001A_WR_Reg                          0x08006a01   Thumb Code    92  ott2001a.o(.text)
    OTT2001A_RD_Reg                          0x08006a5d   Thumb Code    98  ott2001a.o(.text)
    OTT2001A_SensorControl                   0x08006abf   Thumb Code    28  ott2001a.o(.text)
    OTT2001A_Init                            0x08006adb   Thumb Code   148  ott2001a.o(.text)
    CTP_Scan                                 0x08006b6f   Thumb Code   446  ott2001a.o(.text)
    IIC_Init                                 0x08006d69   Thumb Code    62  myiic.o(.text)
    IIC_Start                                0x08006da7   Thumb Code    72  myiic.o(.text)
    IIC_Stop                                 0x08006def   Thumb Code    66  myiic.o(.text)
    IIC_Wait_Ack                             0x08006e31   Thumb Code    90  myiic.o(.text)
    IIC_Ack                                  0x08006e8b   Thumb Code    70  myiic.o(.text)
    IIC_NAck                                 0x08006ed1   Thumb Code    70  myiic.o(.text)
    IIC_Send_Byte                            0x08006f17   Thumb Code    94  myiic.o(.text)
    IIC_Read_Byte                            0x08006f75   Thumb Code   102  myiic.o(.text)
    SPI_Flash_ReadID                         0x08006fe9   Thumb Code    64  flash.o(.text)
    SPI_Flash_Init                           0x08007029   Thumb Code   114  flash.o(.text)
    SPI_Flash_ReadSR                         0x0800709b   Thumb Code    36  flash.o(.text)
    SPI_FLASH_Write_SR                       0x080070bf   Thumb Code    32  flash.o(.text)
    SPI_FLASH_Write_Enable                   0x080070df   Thumb Code    24  flash.o(.text)
    SPI_FLASH_Write_Disable                  0x080070f7   Thumb Code    24  flash.o(.text)
    SPI_Flash_Read                           0x0800710f   Thumb Code    74  flash.o(.text)
    SPI_Flash_Wait_Busy                      0x08007159   Thumb Code    18  flash.o(.text)
    SPI_Flash_Write_Page                     0x0800716b   Thumb Code    80  flash.o(.text)
    SPI_Flash_Write_NoCheck                  0x080071bb   Thumb Code    70  flash.o(.text)
    SPI_Flash_Erase_Sector                   0x08007201   Thumb Code    62  flash.o(.text)
    SPI_Flash_Write                          0x0800723f   Thumb Code   176  flash.o(.text)
    SPI_Flash_Erase_Chip                     0x080072ef   Thumb Code    36  flash.o(.text)
    SPI_Flash_PowerDown                      0x08007313   Thumb Code    30  flash.o(.text)
    SPI_Flash_WAKEUP                         0x08007331   Thumb Code    30  flash.o(.text)
    SD_SPI_ReadWriteByte                     0x0800736d   Thumb Code    12  mmc_sd.o(.text)
    SD_SPI_SpeedLow                          0x08007379   Thumb Code    10  mmc_sd.o(.text)
    SD_SPI_SpeedHigh                         0x08007383   Thumb Code    10  mmc_sd.o(.text)
    SD_SPI_Init                              0x0800738d   Thumb Code   106  mmc_sd.o(.text)
    SD_DisSelect                             0x080073f7   Thumb Code    16  mmc_sd.o(.text)
    SD_WaitReady                             0x08007407   Thumb Code    34  mmc_sd.o(.text)
    SD_Select                                0x08007429   Thumb Code    26  mmc_sd.o(.text)
    SD_GetResponse                           0x08007443   Thumb Code    38  mmc_sd.o(.text)
    SD_RecvData                              0x08007469   Thumb Code    56  mmc_sd.o(.text)
    SD_SendBlock                             0x080074a1   Thumb Code    82  mmc_sd.o(.text)
    SD_SendCmd                               0x080074f3   Thumb Code   120  mmc_sd.o(.text)
    SD_GetCID                                0x0800756b   Thumb Code    42  mmc_sd.o(.text)
    SD_GetCSD                                0x08007595   Thumb Code    42  mmc_sd.o(.text)
    SD_GetSectorCount                        0x080075bf   Thumb Code   118  mmc_sd.o(.text)
    SD_Initialize                            0x08007635   Thumb Code   408  mmc_sd.o(.text)
    SD_ReadDisk                              0x080077cd   Thumb Code   112  mmc_sd.o(.text)
    SD_WriteDisk                             0x0800783d   Thumb Code   140  mmc_sd.o(.text)
    delay_init                               0x080078cd   Thumb Code    50  delay.o(.text)
    delay_us                                 0x080078ff   Thumb Code    72  delay.o(.text)
    delay_ms                                 0x08007947   Thumb Code    72  delay.o(.text)
    NVIC_Configuration                       0x080079a1   Thumb Code    12  sys.o(.text)
    _sys_exit                                0x080079ad   Thumb Code     6  usart.o(.text)
    fputc                                    0x080079b3   Thumb Code    24  usart.o(.text)
    uart_init                                0x080079cb   Thumb Code   152  usart.o(.text)
    USART1_IRQHandler                        0x08007a63   Thumb Code   122  usart.o(.text)
    Reset_Handler                            0x08007aed   Thumb Code     8  startup_stm32f10x_hd.o(.text)
    ADC1_2_IRQHandler                        0x08007b07   Thumb Code     0  startup_stm32f10x_hd.o(.text)
    ADC3_IRQHandler                          0x08007b07   Thumb Code     0  startup_stm32f10x_hd.o(.text)
    CAN1_RX1_IRQHandler                      0x08007b07   Thumb Code     0  startup_stm32f10x_hd.o(.text)
    CAN1_SCE_IRQHandler                      0x08007b07   Thumb Code     0  startup_stm32f10x_hd.o(.text)
    DMA1_Channel1_IRQHandler                 0x08007b07   Thumb Code     0  startup_stm32f10x_hd.o(.text)
    DMA1_Channel2_IRQHandler                 0x08007b07   Thumb Code     0  startup_stm32f10x_hd.o(.text)
    DMA1_Channel3_IRQHandler                 0x08007b07   Thumb Code     0  startup_stm32f10x_hd.o(.text)
    DMA1_Channel4_IRQHandler                 0x08007b07   Thumb Code     0  startup_stm32f10x_hd.o(.text)
    DMA1_Channel5_IRQHandler                 0x08007b07   Thumb Code     0  startup_stm32f10x_hd.o(.text)
    DMA1_Channel6_IRQHandler                 0x08007b07   Thumb Code     0  startup_stm32f10x_hd.o(.text)
    DMA1_Channel7_IRQHandler                 0x08007b07   Thumb Code     0  startup_stm32f10x_hd.o(.text)
    DMA2_Channel1_IRQHandler                 0x08007b07   Thumb Code     0  startup_stm32f10x_hd.o(.text)
    DMA2_Channel2_IRQHandler                 0x08007b07   Thumb Code     0  startup_stm32f10x_hd.o(.text)
    DMA2_Channel3_IRQHandler                 0x08007b07   Thumb Code     0  startup_stm32f10x_hd.o(.text)
    DMA2_Channel4_5_IRQHandler               0x08007b07   Thumb Code     0  startup_stm32f10x_hd.o(.text)
    EXTI0_IRQHandler                         0x08007b07   Thumb Code     0  startup_stm32f10x_hd.o(.text)
    EXTI15_10_IRQHandler                     0x08007b07   Thumb Code     0  startup_stm32f10x_hd.o(.text)
    EXTI1_IRQHandler                         0x08007b07   Thumb Code     0  startup_stm32f10x_hd.o(.text)
    EXTI2_IRQHandler                         0x08007b07   Thumb Code     0  startup_stm32f10x_hd.o(.text)
    EXTI3_IRQHandler                         0x08007b07   Thumb Code     0  startup_stm32f10x_hd.o(.text)
    EXTI4_IRQHandler                         0x08007b07   Thumb Code     0  startup_stm32f10x_hd.o(.text)
    EXTI9_5_IRQHandler                       0x08007b07   Thumb Code     0  startup_stm32f10x_hd.o(.text)
    FLASH_IRQHandler                         0x08007b07   Thumb Code     0  startup_stm32f10x_hd.o(.text)
    FSMC_IRQHandler                          0x08007b07   Thumb Code     0  startup_stm32f10x_hd.o(.text)
    I2C1_ER_IRQHandler                       0x08007b07   Thumb Code     0  startup_stm32f10x_hd.o(.text)
    I2C1_EV_IRQHandler                       0x08007b07   Thumb Code     0  startup_stm32f10x_hd.o(.text)
    I2C2_ER_IRQHandler                       0x08007b07   Thumb Code     0  startup_stm32f10x_hd.o(.text)
    I2C2_EV_IRQHandler                       0x08007b07   Thumb Code     0  startup_stm32f10x_hd.o(.text)
    PVD_IRQHandler                           0x08007b07   Thumb Code     0  startup_stm32f10x_hd.o(.text)
    RCC_IRQHandler                           0x08007b07   Thumb Code     0  startup_stm32f10x_hd.o(.text)
    RTCAlarm_IRQHandler                      0x08007b07   Thumb Code     0  startup_stm32f10x_hd.o(.text)
    RTC_IRQHandler                           0x08007b07   Thumb Code     0  startup_stm32f10x_hd.o(.text)
    SDIO_IRQHandler                          0x08007b07   Thumb Code     0  startup_stm32f10x_hd.o(.text)
    SPI1_IRQHandler                          0x08007b07   Thumb Code     0  startup_stm32f10x_hd.o(.text)
    SPI2_IRQHandler                          0x08007b07   Thumb Code     0  startup_stm32f10x_hd.o(.text)
    SPI3_IRQHandler                          0x08007b07   Thumb Code     0  startup_stm32f10x_hd.o(.text)
    TAMPER_IRQHandler                        0x08007b07   Thumb Code     0  startup_stm32f10x_hd.o(.text)
    TIM1_BRK_IRQHandler                      0x08007b07   Thumb Code     0  startup_stm32f10x_hd.o(.text)
    TIM1_CC_IRQHandler                       0x08007b07   Thumb Code     0  startup_stm32f10x_hd.o(.text)
    TIM1_TRG_COM_IRQHandler                  0x08007b07   Thumb Code     0  startup_stm32f10x_hd.o(.text)
    TIM1_UP_IRQHandler                       0x08007b07   Thumb Code     0  startup_stm32f10x_hd.o(.text)
    TIM2_IRQHandler                          0x08007b07   Thumb Code     0  startup_stm32f10x_hd.o(.text)
    TIM3_IRQHandler                          0x08007b07   Thumb Code     0  startup_stm32f10x_hd.o(.text)
    TIM4_IRQHandler                          0x08007b07   Thumb Code     0  startup_stm32f10x_hd.o(.text)
    TIM5_IRQHandler                          0x08007b07   Thumb Code     0  startup_stm32f10x_hd.o(.text)
    TIM6_IRQHandler                          0x08007b07   Thumb Code     0  startup_stm32f10x_hd.o(.text)
    TIM7_IRQHandler                          0x08007b07   Thumb Code     0  startup_stm32f10x_hd.o(.text)
    TIM8_BRK_IRQHandler                      0x08007b07   Thumb Code     0  startup_stm32f10x_hd.o(.text)
    TIM8_CC_IRQHandler                       0x08007b07   Thumb Code     0  startup_stm32f10x_hd.o(.text)
    TIM8_TRG_COM_IRQHandler                  0x08007b07   Thumb Code     0  startup_stm32f10x_hd.o(.text)
    TIM8_UP_IRQHandler                       0x08007b07   Thumb Code     0  startup_stm32f10x_hd.o(.text)
    UART4_IRQHandler                         0x08007b07   Thumb Code     0  startup_stm32f10x_hd.o(.text)
    UART5_IRQHandler                         0x08007b07   Thumb Code     0  startup_stm32f10x_hd.o(.text)
    USART2_IRQHandler                        0x08007b07   Thumb Code     0  startup_stm32f10x_hd.o(.text)
    USART3_IRQHandler                        0x08007b07   Thumb Code     0  startup_stm32f10x_hd.o(.text)
    USBWakeUp_IRQHandler                     0x08007b07   Thumb Code     0  startup_stm32f10x_hd.o(.text)
    USB_HP_CAN1_TX_IRQHandler                0x08007b07   Thumb Code     0  startup_stm32f10x_hd.o(.text)
    USB_LP_CAN1_RX0_IRQHandler               0x08007b07   Thumb Code     0  startup_stm32f10x_hd.o(.text)
    WWDG_IRQHandler                          0x08007b07   Thumb Code     0  startup_stm32f10x_hd.o(.text)
    __user_initial_stackheap                 0x08007b09   Thumb Code     0  startup_stm32f10x_hd.o(.text)
    NVIC_PriorityGroupConfig                 0x08007b2d   Thumb Code    10  misc.o(.text)
    NVIC_Init                                0x08007b37   Thumb Code   100  misc.o(.text)
    NVIC_SetVectorTable                      0x08007b9b   Thumb Code    14  misc.o(.text)
    NVIC_SystemLPConfig                      0x08007ba9   Thumb Code    34  misc.o(.text)
    SysTick_CLKSourceConfig                  0x08007bcb   Thumb Code    40  misc.o(.text)
    FSMC_NORSRAMDeInit                       0x08007c09   Thumb Code    54  stm32f10x_fsmc.o(.text)
    FSMC_NANDDeInit                          0x08007c3f   Thumb Code    62  stm32f10x_fsmc.o(.text)
    FSMC_PCCARDDeInit                        0x08007c7d   Thumb Code    36  stm32f10x_fsmc.o(.text)
    FSMC_NORSRAMInit                         0x08007ca1   Thumb Code   230  stm32f10x_fsmc.o(.text)
    FSMC_NANDInit                            0x08007d87   Thumb Code   132  stm32f10x_fsmc.o(.text)
    FSMC_PCCARDInit                          0x08007e0b   Thumb Code   130  stm32f10x_fsmc.o(.text)
    FSMC_NORSRAMStructInit                   0x08007e8d   Thumb Code   114  stm32f10x_fsmc.o(.text)
    FSMC_NANDStructInit                      0x08007eff   Thumb Code    54  stm32f10x_fsmc.o(.text)
    FSMC_PCCARDStructInit                    0x08007f35   Thumb Code    60  stm32f10x_fsmc.o(.text)
    FSMC_NORSRAMCmd                          0x08007f71   Thumb Code    46  stm32f10x_fsmc.o(.text)
    FSMC_NANDCmd                             0x08007f9f   Thumb Code    86  stm32f10x_fsmc.o(.text)
    FSMC_PCCARDCmd                           0x08007ff5   Thumb Code    44  stm32f10x_fsmc.o(.text)
    FSMC_NANDECCCmd                          0x08008021   Thumb Code    90  stm32f10x_fsmc.o(.text)
    FSMC_GetECC                              0x0800807b   Thumb Code    24  stm32f10x_fsmc.o(.text)
    FSMC_ITConfig                            0x08008093   Thumb Code   128  stm32f10x_fsmc.o(.text)
    FSMC_GetFlagStatus                       0x08008113   Thumb Code    54  stm32f10x_fsmc.o(.text)
    FSMC_ClearFlag                           0x08008149   Thumb Code    62  stm32f10x_fsmc.o(.text)
    FSMC_GetITStatus                         0x08008187   Thumb Code    64  stm32f10x_fsmc.o(.text)
    FSMC_ClearITPendingBit                   0x080081c7   Thumb Code    68  stm32f10x_fsmc.o(.text)
    GPIO_DeInit                              0x08008215   Thumb Code   172  stm32f10x_gpio.o(.text)
    GPIO_AFIODeInit                          0x080082c1   Thumb Code    20  stm32f10x_gpio.o(.text)
    GPIO_Init                                0x080082d5   Thumb Code   278  stm32f10x_gpio.o(.text)
    GPIO_StructInit                          0x080083eb   Thumb Code    16  stm32f10x_gpio.o(.text)
    GPIO_ReadInputDataBit                    0x080083fb   Thumb Code    18  stm32f10x_gpio.o(.text)
    GPIO_ReadInputData                       0x0800840d   Thumb Code     8  stm32f10x_gpio.o(.text)
    GPIO_ReadOutputDataBit                   0x08008415   Thumb Code    18  stm32f10x_gpio.o(.text)
    GPIO_ReadOutputData                      0x08008427   Thumb Code     8  stm32f10x_gpio.o(.text)
    GPIO_SetBits                             0x0800842f   Thumb Code     4  stm32f10x_gpio.o(.text)
    GPIO_ResetBits                           0x08008433   Thumb Code     4  stm32f10x_gpio.o(.text)
    GPIO_WriteBit                            0x08008437   Thumb Code    10  stm32f10x_gpio.o(.text)
    GPIO_Write                               0x08008441   Thumb Code     4  stm32f10x_gpio.o(.text)
    GPIO_PinLockConfig                       0x08008445   Thumb Code    18  stm32f10x_gpio.o(.text)
    GPIO_EventOutputConfig                   0x08008457   Thumb Code    26  stm32f10x_gpio.o(.text)
    GPIO_EventOutputCmd                      0x08008471   Thumb Code     6  stm32f10x_gpio.o(.text)
    GPIO_PinRemapConfig                      0x08008477   Thumb Code   138  stm32f10x_gpio.o(.text)
    GPIO_EXTILineConfig                      0x08008501   Thumb Code    66  stm32f10x_gpio.o(.text)
    GPIO_ETH_MediaInterfaceConfig            0x08008543   Thumb Code     8  stm32f10x_gpio.o(.text)
    RCC_DeInit                               0x08008571   Thumb Code    64  stm32f10x_rcc.o(.text)
    RCC_HSEConfig                            0x080085b1   Thumb Code    70  stm32f10x_rcc.o(.text)
    RCC_GetFlagStatus                        0x080085f7   Thumb Code    56  stm32f10x_rcc.o(.text)
    RCC_WaitForHSEStartUp                    0x0800862f   Thumb Code    56  stm32f10x_rcc.o(.text)
    RCC_AdjustHSICalibrationValue            0x08008667   Thumb Code    20  stm32f10x_rcc.o(.text)
    RCC_HSICmd                               0x0800867b   Thumb Code     6  stm32f10x_rcc.o(.text)
    RCC_PLLConfig                            0x08008681   Thumb Code    24  stm32f10x_rcc.o(.text)
    RCC_PLLCmd                               0x08008699   Thumb Code     6  stm32f10x_rcc.o(.text)
    RCC_SYSCLKConfig                         0x0800869f   Thumb Code    18  stm32f10x_rcc.o(.text)
    RCC_GetSYSCLKSource                      0x080086b1   Thumb Code    10  stm32f10x_rcc.o(.text)
    RCC_HCLKConfig                           0x080086bb   Thumb Code    18  stm32f10x_rcc.o(.text)
    RCC_PCLK1Config                          0x080086cd   Thumb Code    18  stm32f10x_rcc.o(.text)
    RCC_PCLK2Config                          0x080086df   Thumb Code    20  stm32f10x_rcc.o(.text)
    RCC_ITConfig                             0x080086f3   Thumb Code    26  stm32f10x_rcc.o(.text)
    RCC_USBCLKConfig                         0x0800870d   Thumb Code     8  stm32f10x_rcc.o(.text)
    RCC_ADCCLKConfig                         0x08008715   Thumb Code    18  stm32f10x_rcc.o(.text)
    RCC_LSEConfig                            0x08008727   Thumb Code    50  stm32f10x_rcc.o(.text)
    RCC_LSICmd                               0x08008759   Thumb Code     6  stm32f10x_rcc.o(.text)
    RCC_RTCCLKConfig                         0x0800875f   Thumb Code    12  stm32f10x_rcc.o(.text)
    RCC_RTCCLKCmd                            0x0800876b   Thumb Code     8  stm32f10x_rcc.o(.text)
    RCC_GetClocksFreq                        0x08008773   Thumb Code   192  stm32f10x_rcc.o(.text)
    RCC_AHBPeriphClockCmd                    0x08008833   Thumb Code    26  stm32f10x_rcc.o(.text)
    RCC_APB2PeriphClockCmd                   0x0800884d   Thumb Code    26  stm32f10x_rcc.o(.text)
    RCC_APB1PeriphClockCmd                   0x08008867   Thumb Code    26  stm32f10x_rcc.o(.text)
    RCC_APB2PeriphResetCmd                   0x08008881   Thumb Code    26  stm32f10x_rcc.o(.text)
    RCC_APB1PeriphResetCmd                   0x0800889b   Thumb Code    26  stm32f10x_rcc.o(.text)
    RCC_BackupResetCmd                       0x080088b5   Thumb Code     8  stm32f10x_rcc.o(.text)
    RCC_ClockSecuritySystemCmd               0x080088bd   Thumb Code     6  stm32f10x_rcc.o(.text)
    RCC_MCOConfig                            0x080088c3   Thumb Code     6  stm32f10x_rcc.o(.text)
    RCC_ClearFlag                            0x080088c9   Thumb Code    14  stm32f10x_rcc.o(.text)
    RCC_GetITStatus                          0x080088d7   Thumb Code    20  stm32f10x_rcc.o(.text)
    RCC_ClearITPendingBit                    0x080088eb   Thumb Code     6  stm32f10x_rcc.o(.text)
    USART_DeInit                             0x08008915   Thumb Code   134  stm32f10x_usart.o(.text)
    USART_Init                               0x0800899b   Thumb Code   210  stm32f10x_usart.o(.text)
    USART_StructInit                         0x08008a6d   Thumb Code    24  stm32f10x_usart.o(.text)
    USART_ClockInit                          0x08008a85   Thumb Code    34  stm32f10x_usart.o(.text)
    USART_ClockStructInit                    0x08008aa7   Thumb Code    12  stm32f10x_usart.o(.text)
    USART_Cmd                                0x08008ab3   Thumb Code    24  stm32f10x_usart.o(.text)
    USART_ITConfig                           0x08008acb   Thumb Code    74  stm32f10x_usart.o(.text)
    USART_DMACmd                             0x08008b15   Thumb Code    18  stm32f10x_usart.o(.text)
    USART_SetAddress                         0x08008b27   Thumb Code    18  stm32f10x_usart.o(.text)
    USART_WakeUpConfig                       0x08008b39   Thumb Code    18  stm32f10x_usart.o(.text)
    USART_ReceiverWakeUpCmd                  0x08008b4b   Thumb Code    24  stm32f10x_usart.o(.text)
    USART_LINBreakDetectLengthConfig         0x08008b63   Thumb Code    18  stm32f10x_usart.o(.text)
    USART_LINCmd                             0x08008b75   Thumb Code    24  stm32f10x_usart.o(.text)
    USART_SendData                           0x08008b8d   Thumb Code     8  stm32f10x_usart.o(.text)
    USART_ReceiveData                        0x08008b95   Thumb Code    10  stm32f10x_usart.o(.text)
    USART_SendBreak                          0x08008b9f   Thumb Code    10  stm32f10x_usart.o(.text)
    USART_SetGuardTime                       0x08008ba9   Thumb Code    16  stm32f10x_usart.o(.text)
    USART_SetPrescaler                       0x08008bb9   Thumb Code    16  stm32f10x_usart.o(.text)
    USART_SmartCardCmd                       0x08008bc9   Thumb Code    24  stm32f10x_usart.o(.text)
    USART_SmartCardNACKCmd                   0x08008be1   Thumb Code    24  stm32f10x_usart.o(.text)
    USART_HalfDuplexCmd                      0x08008bf9   Thumb Code    24  stm32f10x_usart.o(.text)
    USART_OverSampling8Cmd                   0x08008c11   Thumb Code    22  stm32f10x_usart.o(.text)
    USART_OneBitMethodCmd                    0x08008c27   Thumb Code    24  stm32f10x_usart.o(.text)
    USART_IrDAConfig                         0x08008c3f   Thumb Code    18  stm32f10x_usart.o(.text)
    USART_IrDACmd                            0x08008c51   Thumb Code    24  stm32f10x_usart.o(.text)
    USART_GetFlagStatus                      0x08008c69   Thumb Code    26  stm32f10x_usart.o(.text)
    USART_ClearFlag                          0x08008c83   Thumb Code    18  stm32f10x_usart.o(.text)
    USART_GetITStatus                        0x08008c95   Thumb Code    84  stm32f10x_usart.o(.text)
    USART_ClearITPendingBit                  0x08008ce9   Thumb Code    52  stm32f10x_usart.o(.text)
    SPI_I2S_DeInit                           0x08008d1d   Thumb Code    76  stm32f10x_spi.o(.text)
    SPI_Init                                 0x08008d69   Thumb Code    60  stm32f10x_spi.o(.text)
    I2S_Init                                 0x08008da5   Thumb Code   226  stm32f10x_spi.o(.text)
    SPI_StructInit                           0x08008e87   Thumb Code    24  stm32f10x_spi.o(.text)
    I2S_StructInit                           0x08008e9f   Thumb Code    20  stm32f10x_spi.o(.text)
    SPI_Cmd                                  0x08008eb3   Thumb Code    24  stm32f10x_spi.o(.text)
    I2S_Cmd                                  0x08008ecb   Thumb Code    24  stm32f10x_spi.o(.text)
    SPI_I2S_ITConfig                         0x08008ee3   Thumb Code    32  stm32f10x_spi.o(.text)
    SPI_I2S_DMACmd                           0x08008f03   Thumb Code    18  stm32f10x_spi.o(.text)
    SPI_I2S_SendData                         0x08008f15   Thumb Code     4  stm32f10x_spi.o(.text)
    SPI_I2S_ReceiveData                      0x08008f19   Thumb Code     6  stm32f10x_spi.o(.text)
    SPI_NSSInternalSoftwareConfig            0x08008f1f   Thumb Code    30  stm32f10x_spi.o(.text)
    SPI_SSOutputCmd                          0x08008f3d   Thumb Code    24  stm32f10x_spi.o(.text)
    SPI_DataSizeConfig                       0x08008f55   Thumb Code    18  stm32f10x_spi.o(.text)
    SPI_TransmitCRC                          0x08008f67   Thumb Code    10  stm32f10x_spi.o(.text)
    SPI_CalculateCRC                         0x08008f71   Thumb Code    24  stm32f10x_spi.o(.text)
    SPI_GetCRC                               0x08008f89   Thumb Code    16  stm32f10x_spi.o(.text)
    SPI_GetCRCPolynomial                     0x08008f99   Thumb Code     6  stm32f10x_spi.o(.text)
    SPI_BiDirectionalLineConfig              0x08008f9f   Thumb Code    28  stm32f10x_spi.o(.text)
    SPI_I2S_GetFlagStatus                    0x08008fbb   Thumb Code    18  stm32f10x_spi.o(.text)
    SPI_I2S_ClearFlag                        0x08008fcd   Thumb Code     6  stm32f10x_spi.o(.text)
    SPI_I2S_GetITStatus                      0x08008fd3   Thumb Code    52  stm32f10x_spi.o(.text)
    SPI_I2S_ClearITPendingBit                0x08009007   Thumb Code    20  stm32f10x_spi.o(.text)
    mymemcpy                                 0x08009029   Thumb Code    26  malloc.o(.text)
    mymemset                                 0x08009043   Thumb Code    20  malloc.o(.text)
    mem_init                                 0x08009057   Thumb Code    54  malloc.o(.text)
    mem_perused                              0x0800908d   Thumb Code    54  malloc.o(.text)
    mem_malloc                               0x080090c3   Thumb Code   162  malloc.o(.text)
    mem_free                                 0x08009165   Thumb Code    94  malloc.o(.text)
    myfree                                   0x080091c3   Thumb Code    32  malloc.o(.text)
    mymalloc                                 0x080091e3   Thumb Code    36  malloc.o(.text)
    myrealloc                                0x08009207   Thumb Code    68  malloc.o(.text)
    fupd_prog                                0x0800925d   Thumb Code   134  fontupd.o(.text)
    updata_fontx                             0x080092e3   Thumb Code   306  fontupd.o(.text)
    update_font                              0x08009415   Thumb Code   278  fontupd.o(.text)
    font_init                                0x0800952b   Thumb Code   134  fontupd.o(.text)
    Get_HzMat                                0x08009629   Thumb Code   146  text.o(.text)
    Show_Font                                0x080096bb   Thumb Code   244  text.o(.text)
    Show_Str                                 0x080097af   Thumb Code   192  text.o(.text)
    my_strlen                                0x0800986f   Thumb Code    20  text.o(.text)
    my_stradd                                0x08009883   Thumb Code    30  text.o(.text)
    Show_Str_Mid                             0x080098a1   Thumb Code   106  text.o(.text)
    ff_convert                               0x08009919   Thumb Code   140  mycc936.o(.text)
    ff_wtoupper                              0x080099a5   Thumb Code    46  mycc936.o(.text)
    clust2sect                               0x08009b85   Thumb Code    26  ff.o(.text)
    get_fat                                  0x08009b9f   Thumb Code   228  ff.o(.text)
    put_fat                                  0x08009c83   Thumb Code   310  ff.o(.text)
    dir_sdi                                  0x08009f1d   Thumb Code   156  ff.o(.text)
    gen_numname                              0x0800a245   Thumb Code   190  ff.o(.text)
    f_mount                                  0x0800afdd   Thumb Code    38  ff.o(.text)
    f_open                                   0x0800b003   Thumb Code   396  ff.o(.text)
    f_read                                   0x0800b18f   Thumb Code   476  ff.o(.text)
    f_write                                  0x0800b36b   Thumb Code   550  ff.o(.text)
    f_sync                                   0x0800b591   Thumb Code   184  ff.o(.text)
    f_close                                  0x0800b649   Thumb Code    22  ff.o(.text)
    f_chdrive                                0x0800b65f   Thumb Code    18  ff.o(.text)
    f_chdir                                  0x0800b671   Thumb Code   124  ff.o(.text)
    f_lseek                                  0x0800b6ed   Thumb Code   734  ff.o(.text)
    f_opendir                                0x0800b9cb   Thumb Code   142  ff.o(.text)
    f_readdir                                0x0800ba59   Thumb Code   112  ff.o(.text)
    f_stat                                   0x0800bac9   Thumb Code    82  ff.o(.text)
    f_getfree                                0x0800bb1b   Thumb Code   276  ff.o(.text)
    f_truncate                               0x0800bc2f   Thumb Code   156  ff.o(.text)
    f_unlink                                 0x0800bccb   Thumb Code   222  ff.o(.text)
    f_mkdir                                  0x0800bda9   Thumb Code   432  ff.o(.text)
    f_chmod                                  0x0800bf59   Thumb Code   126  ff.o(.text)
    f_utime                                  0x0800bfd7   Thumb Code   124  ff.o(.text)
    f_rename                                 0x0800c053   Thumb Code   332  ff.o(.text)
    f_mkfs                                   0x0800c19f   Thumb Code  1584  ff.o(.text)
    f_gets                                   0x0800c7cf   Thumb Code    78  ff.o(.text)
    f_putc                                   0x0800c81d   Thumb Code    38  ff.o(.text)
    f_puts                                   0x0800c843   Thumb Code    42  ff.o(.text)
    f_printf                                 0x0800c86d   Thumb Code   708  ff.o(.text)
    disk_initialize                          0x0800cb31   Thumb Code    90  diskio.o(.text)
    disk_status                              0x0800cb8b   Thumb Code     6  diskio.o(.text)
    disk_read                                0x0800cb91   Thumb Code   122  diskio.o(.text)
    disk_write                               0x0800cc0b   Thumb Code   102  diskio.o(.text)
    disk_ioctl                               0x0800cc71   Thumb Code   154  diskio.o(.text)
    get_fattime                              0x0800cd0b   Thumb Code     4  diskio.o(.text)
    ff_enter                                 0x0800cd0f   Thumb Code     2  diskio.o(.text)
    ff_leave                                 0x0800cd11   Thumb Code     2  diskio.o(.text)
    ff_memalloc                              0x0800cd13   Thumb Code    14  diskio.o(.text)
    ff_memfree                               0x0800cd21   Thumb Code    14  diskio.o(.text)
    alientek_ncr_memset                      0x0800cd3d   Thumb Code    20  atk_ncr.o(.text)
    alientek_ncr_malloc                      0x0800cd51   Thumb Code    14  atk_ncr.o(.text)
    alientek_ncr_free                        0x0800cd5f   Thumb Code    14  atk_ncr.o(.text)
    alientek_ncr_stop                        0x0800cd6d   Thumb Code    60  recognition.o(.text)
    alientek_ncr_init                        0x0800cda9   Thumb Code   148  recognition.o(.text)
    QuickSort                                0x0800ce3d   Thumb Code   188  recognition.o(.text)
    matrix_multiplication                    0x0800cef9   Thumb Code   108  recognition.o(.text)
    CalcDirect                               0x0800cf65   Thumb Code   266  recognition.o(.text)
    GetPot                                   0x0800d06f   Thumb Code    58  recognition.o(.text)
    OverallElasticMesh                       0x0800d0a9   Thumb Code   526  recognition.o(.text)
    FeaExtractByGradient                     0x0800d2b7   Thumb Code  1888  recognition.o(.text)
    DDA_IMAGE                                0x0800da17   Thumb Code  1352  recognition.o(.text)
    LinearNorm_data                          0x0800df5f   Thumb Code   276  recognition.o(.text)
    DDA_atk_ncr_point                        0x0800e073   Thumb Code   568  recognition.o(.text)
    SmoothFilter                             0x0800e2ab   Thumb Code   206  recognition.o(.text)
    recog                                    0x0800e379   Thumb Code   712  recognition.o(.text)
    alientek_ncr                             0x0800e641   Thumb Code   250  recognition.o(.text)
    ExtractPoint                             0x0800e73b   Thumb Code   498  recognition.o(.text)
    __use_no_semihosting                     0x0800e92d   Thumb Code     2  use_no_semi_2.o(.text)
    __2printf                                0x0800e931   Thumb Code    20  noretval__2printf.o(.text)
    __printf                                 0x0800e949   Thumb Code   104  __printf.o(.text)
    _printf_int_dec                          0x0800e9b1   Thumb Code   104  _printf_dec.o(.text)
    _printf_int_hex                          0x0800ea29   Thumb Code    84  _printf_hex_int.o(.text)
    _printf_longlong_hex                     0x0800ea29   Thumb Code     0  _printf_hex_int.o(.text)
    __aeabi_memcpy                           0x0800ea81   Thumb Code     0  rt_memcpy_v6.o(.text)
    __rt_memcpy                              0x0800ea81   Thumb Code   138  rt_memcpy_v6.o(.text)
    _memcpy_lastbytes                        0x0800eae7   Thumb Code     0  rt_memcpy_v6.o(.text)
    __use_two_region_memory                  0x0800eb0b   Thumb Code     2  heapauxi.o(.text)
    __rt_heap_escrow$2region                 0x0800eb0d   Thumb Code     2  heapauxi.o(.text)
    __rt_heap_expand$2region                 0x0800eb0f   Thumb Code     2  heapauxi.o(.text)
    __I$use$semihosting                      0x0800eb11   Thumb Code     0  use_no_semi.o(.text)
    __use_no_semihosting_swi                 0x0800eb11   Thumb Code     2  use_no_semi.o(.text)
    __read_errno                             0x0800eb13   Thumb Code    10  _rserrno.o(.text)
    __set_errno                              0x0800eb1d   Thumb Code    12  _rserrno.o(.text)
    _printf_int_common                       0x0800eb29   Thumb Code   178  _printf_intcommon.o(.text)
    _printf_char_file                        0x0800ebdd   Thumb Code    32  _printf_char_file.o(.text)
    __aeabi_memcpy4                          0x0800ec01   Thumb Code     0  rt_memcpy_w.o(.text)
    __aeabi_memcpy8                          0x0800ec01   Thumb Code     0  rt_memcpy_w.o(.text)
    __rt_memcpy_w                            0x0800ec01   Thumb Code   100  rt_memcpy_w.o(.text)
    _memcpy_lastbytes_aligned                0x0800ec49   Thumb Code     0  rt_memcpy_w.o(.text)
    __aeabi_errno_addr                       0x0800ec65   Thumb Code     8  rt_errno_addr_intlibspace.o(.text)
    __errno$intlibspace                      0x0800ec65   Thumb Code     0  rt_errno_addr_intlibspace.o(.text)
    __rt_errno_addr$intlibspace              0x0800ec65   Thumb Code     0  rt_errno_addr_intlibspace.o(.text)
    _printf_char_common                      0x0800ec77   Thumb Code    32  _printf_char_common.o(.text)
    ferror                                   0x0800ec9d   Thumb Code     8  ferror.o(.text)
    __user_libspace                          0x0800eca5   Thumb Code     8  libspace.o(.text)
    __user_perproc_libspace                  0x0800eca5   Thumb Code     0  libspace.o(.text)
    __user_perthread_libspace                0x0800eca5   Thumb Code     0  libspace.o(.text)
    __user_setup_stackheap                   0x0800ecad   Thumb Code    74  sys_stackheap_outer.o(.text)
    exit                                     0x0800ecf7   Thumb Code    12  exit.o(.text)
    __ARM_fpclassifyf                        0x0800ed03   Thumb Code    38  fpclassifyf.o(i.__ARM_fpclassifyf)
    __mathlib_flt_divzero                    0x0800ed29   Thumb Code    10  funder.o(i.__mathlib_flt_divzero)
    __mathlib_flt_infnan2                    0x0800ed33   Thumb Code     4  funder.o(i.__mathlib_flt_infnan2)
    __mathlib_flt_invalid                    0x0800ed37   Thumb Code     8  funder.o(i.__mathlib_flt_invalid)
    __mathlib_flt_overflow                   0x0800ed3f   Thumb Code    10  funder.o(i.__mathlib_flt_overflow)
    __mathlib_flt_underflow                  0x0800ed49   Thumb Code    10  funder.o(i.__mathlib_flt_underflow)
    __mathlib_powf                           0x0800ed55   Thumb Code     0  powf.o(i.powf)
    powf                                     0x0800ed55   Thumb Code  1488  powf.o(i.powf)
    sqrt                                     0x0800f339   Thumb Code    76  sqrt.o(i.sqrt)
    __aeabi_dadd                             0x0800f385   Thumb Code     0  daddsub_clz.o(x$fpl$dadd)
    _dadd                                    0x0800f385   Thumb Code   332  daddsub_clz.o(x$fpl$dadd)
    __fpl_dcmp_Inf                           0x0800f4d5   Thumb Code    24  dcmpi.o(x$fpl$dcmpinf)
    __aeabi_d2uiz                            0x0800f4ed   Thumb Code     0  dfixu.o(x$fpl$dfixu)
    _dfixu                                   0x0800f4ed   Thumb Code    90  dfixu.o(x$fpl$dfixu)
    __aeabi_i2d                              0x0800f547   Thumb Code     0  dflt_clz.o(x$fpl$dflt)
    _dflt                                    0x0800f547   Thumb Code    46  dflt_clz.o(x$fpl$dflt)
    __aeabi_ui2d                             0x0800f575   Thumb Code     0  dflt_clz.o(x$fpl$dfltu)
    _dfltu                                   0x0800f575   Thumb Code    38  dflt_clz.o(x$fpl$dfltu)
    __aeabi_cdcmple                          0x0800f59d   Thumb Code     0  dleqf.o(x$fpl$dleqf)
    _dcmple                                  0x0800f59d   Thumb Code   120  dleqf.o(x$fpl$dleqf)
    __fpl_dcmple_InfNaN                      0x0800f5ff   Thumb Code     0  dleqf.o(x$fpl$dleqf)
    __aeabi_dmul                             0x0800f615   Thumb Code     0  dmul.o(x$fpl$dmul)
    _dmul                                    0x0800f615   Thumb Code   332  dmul.o(x$fpl$dmul)
    __fpl_dnaninf                            0x0800f769   Thumb Code   156  dnaninf.o(x$fpl$dnaninf)
    __fpl_dretinf                            0x0800f805   Thumb Code    12  dretinf.o(x$fpl$dretinf)
    __aeabi_cdrcmple                         0x0800f811   Thumb Code     0  drleqf.o(x$fpl$drleqf)
    _drcmple                                 0x0800f811   Thumb Code   108  drleqf.o(x$fpl$drleqf)
    __aeabi_drsub                            0x0800f87d   Thumb Code     0  daddsub_clz.o(x$fpl$drsb)
    _drsb                                    0x0800f87d   Thumb Code    22  daddsub_clz.o(x$fpl$drsb)
    _dsqrt                                   0x0800f895   Thumb Code   456  dsqrt_noumaal.o(x$fpl$dsqrt)
    __aeabi_dsub                             0x0800fa61   Thumb Code     0  daddsub_clz.o(x$fpl$dsub)
    _dsub                                    0x0800fa61   Thumb Code   464  daddsub_clz.o(x$fpl$dsub)
    __aeabi_f2d                              0x0800fc35   Thumb Code     0  f2d.o(x$fpl$f2d)
    _f2d                                     0x0800fc35   Thumb Code    86  f2d.o(x$fpl$f2d)
    __aeabi_fadd                             0x0800fc8d   Thumb Code     0  faddsub_clz.o(x$fpl$fadd)
    _fadd                                    0x0800fc8d   Thumb Code   196  faddsub_clz.o(x$fpl$fadd)
    __fpl_fcheck_NaN1                        0x0800fd51   Thumb Code     6  fcheck1.o(x$fpl$fcheck1)
    __fpl_fcmp_Inf                           0x0800fd5d   Thumb Code    24  fcmpi.o(x$fpl$fcmpinf)
    __aeabi_fdiv                             0x0800fd75   Thumb Code     0  fdiv.o(x$fpl$fdiv)
    _fdiv                                    0x0800fd75   Thumb Code   384  fdiv.o(x$fpl$fdiv)
    __aeabi_cfcmpeq                          0x0800fef9   Thumb Code     0  feqf.o(x$fpl$feqf)
    _fcmpeq                                  0x0800fef9   Thumb Code   104  feqf.o(x$fpl$feqf)
    __aeabi_f2iz                             0x0800ff61   Thumb Code     0  ffix.o(x$fpl$ffix)
    _ffix                                    0x0800ff61   Thumb Code    54  ffix.o(x$fpl$ffix)
    _ffix_r                                  0x0800ff99   Thumb Code    82  ffix.o(x$fpl$ffixr)
    __aeabi_f2uiz                            0x0800ffed   Thumb Code     0  ffixu.o(x$fpl$ffixu)
    _ffixu                                   0x0800ffed   Thumb Code    62  ffixu.o(x$fpl$ffixu)
    __aeabi_i2f                              0x0801002d   Thumb Code     0  fflt_clz.o(x$fpl$fflt)
    _fflt                                    0x0801002d   Thumb Code    48  fflt_clz.o(x$fpl$fflt)
    __aeabi_ui2f                             0x0801005d   Thumb Code     0  fflt_clz.o(x$fpl$ffltu)
    _ffltu                                   0x0801005d   Thumb Code    38  fflt_clz.o(x$fpl$ffltu)
    __aeabi_cfcmple                          0x08010085   Thumb Code     0  fleqf.o(x$fpl$fleqf)
    _fcmple                                  0x08010085   Thumb Code   104  fleqf.o(x$fpl$fleqf)
    __fpl_fcmple_InfNaN                      0x080100d7   Thumb Code     0  fleqf.o(x$fpl$fleqf)
    __aeabi_fmul                             0x080100ed   Thumb Code     0  fmul.o(x$fpl$fmul)
    _fmul                                    0x080100ed   Thumb Code   258  fmul.o(x$fpl$fmul)
    __fpl_fnaninf                            0x080101ef   Thumb Code   140  fnaninf.o(x$fpl$fnaninf)
    __fpl_fretinf                            0x0801027b   Thumb Code    10  fretinf.o(x$fpl$fretinf)
    __aeabi_frsub                            0x08010285   Thumb Code     0  faddsub_clz.o(x$fpl$frsb)
    _frsb                                    0x08010285   Thumb Code    20  faddsub_clz.o(x$fpl$frsb)
    __aeabi_fsub                             0x08010299   Thumb Code     0  faddsub_clz.o(x$fpl$fsub)
    _fsub                                    0x08010299   Thumb Code   234  faddsub_clz.o(x$fpl$fsub)
    __fpl_return_NaN                         0x08010383   Thumb Code   100  retnan.o(x$fpl$retnan)
    __ARM_scalbnf                            0x080103e7   Thumb Code    76  scalbnf.o(x$fpl$scalbnf)
    __fpl_cmpreturn                          0x08010433   Thumb Code    48  trapv.o(x$fpl$trapveneer)
    __I$use$fp                               0x08010462   Number         0  usenofp.o(x$fpl$usenofp)
    asc2_1206                                0x08010462   Data        1140  lcd.o(.constdata)
    asc2_1608                                0x080108d6   Data        1520  lcd.o(.constdata)
    OTT_TPX_TBL                              0x08010ec6   Data          10  ott2001a.o(.constdata)
    memtblsize                               0x08010ed0   Data           8  malloc.o(.constdata)
    memblksize                               0x08010ed8   Data           8  malloc.o(.constdata)
    memsize                                  0x08010ee0   Data           8  malloc.o(.constdata)
    E_GTABLE                                 0x080112e4   Data         972  recognition.o(.constdata)
    E_GARTABLE                               0x080116b0   Data        2500  recognition.o(.constdata)
    E_LDA                                    0x08012074   Data       20480  recognition.o(.constdata)
    E_MODEL                                  0x08017074   Data        9920  recognition.o(.constdata)
    Dic                                      0x08019734   Data          62  recognition.o(.constdata)
    Region$$Table$$Base                      0x08019a00   Number         0  anon$$obj.o(Region$$Table)
    Region$$Table$$Limit                     0x08019a20   Number         0  anon$$obj.o(Region$$Table)
    fuck                                     0x20000000   Data           4  main.o(.data)
    SystemCoreClock                          0x20000004   Data           4  system_stm32f10x.o(.data)
    AHBPrescTable                            0x20000008   Data          16  system_stm32f10x.o(.data)
    CurPointX                                0x20000018   Data           4  write.o(.data)
    CurPointY                                0x2000001c   Data           4  write.o(.data)
    WriteEn                                  0x20000020   Data           4  write.o(.data)
    POINT_COLOR                              0x20000026   Data           2  lcd.o(.data)
    BACK_COLOR                               0x20000028   Data           2  lcd.o(.data)
    tp_dev                                   0x2000002c   Data          52  touch.o(.data)
    CMD_RDX                                  0x20000060   Data           1  touch.o(.data)
    CMD_RDY                                  0x20000061   Data           1  touch.o(.data)
    TP_REMIND_MSG_TBL                        0x20000064   Data           4  touch.o(.data)
    SPI_FLASH_TYPE                           0x2000006a   Data           2  flash.o(.data)
    SD_Type                                  0x2000006c   Data           1  mmc_sd.o(.data)
    __stdout                                 0x20000074   Data           4  usart.o(.data)
    USART_RX_STA                             0x20000078   Data           2  usart.o(.data)
    mallco_dev                               0x20000090   Data          28  malloc.o(.data)
    FONTINFOADDR                             0x200000ac   Data           4  fontupd.o(.data)
    GBK16_SDPATH                             0x200000b0   Data           4  fontupd.o(.data)
    GBK12_SDPATH                             0x200000b4   Data           4  fontupd.o(.data)
    UNIGBK_SDPATH                            0x200000b8   Data           4  fontupd.o(.data)
    GBK16_25QPATH                            0x200000bc   Data           4  fontupd.o(.data)
    GBK12_25QPATH                            0x200000c0   Data           4  fontupd.o(.data)
    UNIGBK_25QPATH                           0x200000c4   Data           4  fontupd.o(.data)
    FLASH_SECTOR_COUNT                       0x200000d4   Data           2  diskio.o(.data)
    picdata                                  0x200000d8   Data           4  recognition.o(.data)
    Gas                                      0x200000dc   Data           4  recognition.o(.data)
    feature                                  0x200000e0   Data           4  recognition.o(.data)
    ldafeature                               0x200000e4   Data           4  recognition.o(.data)
    Hmap                                     0x200000e8   Data           4  recognition.o(.data)
    Vmap                                     0x200000ec   Data           4  recognition.o(.data)
    distance                                 0x200000f0   Data           4  recognition.o(.data)
    READ_BUF                                 0x200000f4   Data        1600  main.o(.bss)
    lcddev                                   0x20000734   Data          14  lcd.o(.bss)
    SPI_FLASH_BUF                            0x20000742   Data        4096  flash.o(.bss)
    USART_RX_BUF                             0x20001742   Data         200  usart.o(.bss)
    mem1base                                 0x2000180c   Data       40960  malloc.o(.bss)
    mem1mapbase                              0x2000b80c   Data        2560  malloc.o(.bss)
    ftinfo                                   0x2000c20c   Data          16  fontupd.o(.bss)
    Htemp                                    0x2000c21c   Data          20  recognition.o(.bss)
    Vtemp                                    0x2000c230   Data          20  recognition.o(.bss)
    __libspace_start                         0x2000c244   Data          96  libspace.o(.bss)
    __temporary_stack_top$libspace           0x2000c2a4   Data           0  libspace.o(.bss)
    mem2base                                 0x68000000   Data       196608  malloc.o(.ARM.__AT_0x68000000)
    mem2mapbase                              0x68030000   Data       12288  malloc.o(.ARM.__AT_0x68030000)



==============================================================================

Memory Map of the image

  Image Entry point : 0x08000131

  Load Region LR_IROM1 (Base: 0x08000000, Size: 0x00019b14, Max: 0x00080000, ABSOLUTE)

    Execution Region ER_IROM1 (Base: 0x08000000, Size: 0x00019a20, Max: 0x00080000, ABSOLUTE)

    Base Addr    Size         Type   Attr      Idx    E Section Name        Object

    0x08000000   0x00000130   Data   RO          454    RESET               startup_stm32f10x_hd.o
    0x08000130   0x00000008   Code   RO          843  * !!!main             c_w.l(__main.o)
    0x08000138   0x00000034   Code   RO         1134    !!!scatter          c_w.l(__scatter.o)
    0x0800016c   0x0000001a   Code   RO         1136    !!handler_copy      c_w.l(__scatter_copy.o)
    0x08000186   0x00000002   PAD
    0x08000188   0x0000001c   Code   RO         1138    !!handler_zi        c_w.l(__scatter_zi.o)
    0x080001a4   0x00000000   Code   RO          834    .ARM.Collect$$_printf_percent$$00000000  c_w.l(_printf_percent.o)
    0x080001a4   0x00000006   Code   RO          833    .ARM.Collect$$_printf_percent$$00000009  c_w.l(_printf_d.o)
    0x080001aa   0x00000006   Code   RO          832    .ARM.Collect$$_printf_percent$$0000000C  c_w.l(_printf_x.o)
    0x080001b0   0x00000004   Code   RO          928    .ARM.Collect$$_printf_percent$$00000017  c_w.l(_printf_percent_end.o)
    0x080001b4   0x00000002   Code   RO         1008    .ARM.Collect$$libinit$$00000000  c_w.l(libinit.o)
    0x080001b6   0x00000000   Code   RO         1014    .ARM.Collect$$libinit$$00000002  c_w.l(libinit2.o)
    0x080001b6   0x00000000   Code   RO         1016    .ARM.Collect$$libinit$$00000004  c_w.l(libinit2.o)
    0x080001b6   0x00000000   Code   RO         1019    .ARM.Collect$$libinit$$0000000A  c_w.l(libinit2.o)
    0x080001b6   0x00000000   Code   RO         1021    .ARM.Collect$$libinit$$0000000C  c_w.l(libinit2.o)
    0x080001b6   0x00000000   Code   RO         1023    .ARM.Collect$$libinit$$0000000E  c_w.l(libinit2.o)
    0x080001b6   0x00000000   Code   RO         1026    .ARM.Collect$$libinit$$00000011  c_w.l(libinit2.o)
    0x080001b6   0x00000000   Code   RO         1028    .ARM.Collect$$libinit$$00000013  c_w.l(libinit2.o)
    0x080001b6   0x00000000   Code   RO         1030    .ARM.Collect$$libinit$$00000015  c_w.l(libinit2.o)
    0x080001b6   0x00000000   Code   RO         1032    .ARM.Collect$$libinit$$00000017  c_w.l(libinit2.o)
    0x080001b6   0x00000000   Code   RO         1034    .ARM.Collect$$libinit$$00000019  c_w.l(libinit2.o)
    0x080001b6   0x00000000   Code   RO         1036    .ARM.Collect$$libinit$$0000001B  c_w.l(libinit2.o)
    0x080001b6   0x00000000   Code   RO         1038    .ARM.Collect$$libinit$$0000001D  c_w.l(libinit2.o)
    0x080001b6   0x00000000   Code   RO         1040    .ARM.Collect$$libinit$$0000001F  c_w.l(libinit2.o)
    0x080001b6   0x00000000   Code   RO         1042    .ARM.Collect$$libinit$$00000021  c_w.l(libinit2.o)
    0x080001b6   0x00000000   Code   RO         1044    .ARM.Collect$$libinit$$00000023  c_w.l(libinit2.o)
    0x080001b6   0x00000000   Code   RO         1046    .ARM.Collect$$libinit$$00000025  c_w.l(libinit2.o)
    0x080001b6   0x00000000   Code   RO         1050    .ARM.Collect$$libinit$$0000002C  c_w.l(libinit2.o)
    0x080001b6   0x00000000   Code   RO         1052    .ARM.Collect$$libinit$$0000002E  c_w.l(libinit2.o)
    0x080001b6   0x00000000   Code   RO         1054    .ARM.Collect$$libinit$$00000030  c_w.l(libinit2.o)
    0x080001b6   0x00000000   Code   RO         1056    .ARM.Collect$$libinit$$00000032  c_w.l(libinit2.o)
    0x080001b6   0x00000002   Code   RO         1057    .ARM.Collect$$libinit$$00000033  c_w.l(libinit2.o)
    0x080001b8   0x00000002   Code   RO         1077    .ARM.Collect$$libshutdown$$00000000  c_w.l(libshutdown.o)
    0x080001ba   0x00000000   Code   RO         1088    .ARM.Collect$$libshutdown$$00000003  c_w.l(libshutdown2.o)
    0x080001ba   0x00000000   Code   RO         1091    .ARM.Collect$$libshutdown$$00000006  c_w.l(libshutdown2.o)
    0x080001ba   0x00000000   Code   RO         1094    .ARM.Collect$$libshutdown$$00000009  c_w.l(libshutdown2.o)
    0x080001ba   0x00000000   Code   RO         1096    .ARM.Collect$$libshutdown$$0000000B  c_w.l(libshutdown2.o)
    0x080001ba   0x00000000   Code   RO         1099    .ARM.Collect$$libshutdown$$0000000E  c_w.l(libshutdown2.o)
    0x080001ba   0x00000002   Code   RO         1100    .ARM.Collect$$libshutdown$$0000000F  c_w.l(libshutdown2.o)
    0x080001bc   0x00000000   Code   RO          919    .ARM.Collect$$rtentry$$00000000  c_w.l(__rtentry.o)
    0x080001bc   0x00000000   Code   RO          967    .ARM.Collect$$rtentry$$00000002  c_w.l(__rtentry2.o)
    0x080001bc   0x00000006   Code   RO          979    .ARM.Collect$$rtentry$$00000004  c_w.l(__rtentry4.o)
    0x080001c2   0x00000000   Code   RO          969    .ARM.Collect$$rtentry$$00000009  c_w.l(__rtentry2.o)
    0x080001c2   0x00000004   Code   RO          970    .ARM.Collect$$rtentry$$0000000A  c_w.l(__rtentry2.o)
    0x080001c6   0x00000000   Code   RO          972    .ARM.Collect$$rtentry$$0000000C  c_w.l(__rtentry2.o)
    0x080001c6   0x00000008   Code   RO          973    .ARM.Collect$$rtentry$$0000000D  c_w.l(__rtentry2.o)
    0x080001ce   0x00000002   Code   RO         1011    .ARM.Collect$$rtexit$$00000000  c_w.l(rtexit.o)
    0x080001d0   0x00000000   Code   RO         1061    .ARM.Collect$$rtexit$$00000002  c_w.l(rtexit2.o)
    0x080001d0   0x00000004   Code   RO         1062    .ARM.Collect$$rtexit$$00000003  c_w.l(rtexit2.o)
    0x080001d4   0x00000006   Code   RO         1063    .ARM.Collect$$rtexit$$00000004  c_w.l(rtexit2.o)
    0x080001da   0x00000002   PAD
    0x080001dc   0x0000043c   Code   RO            1    .text               main.o
    0x08000618   0x0000001a   Code   RO          117    .text               stm32f10x_it.o
    0x08000632   0x00000002   PAD
    0x08000634   0x000001e0   Code   RO          149    .text               system_stm32f10x.o
    0x08000814   0x000002b8   Code   RO          167    .text               write.o
    0x08000acc   0x00000012   Code   RO          189    .text               method.o
    0x08000ade   0x00000002   PAD
    0x08000ae0   0x0000004c   Code   RO          199    .text               led.o
    0x08000b2c   0x000000fc   Code   RO          211    .text               key.o
    0x08000c28   0x0000481e   Code   RO          224    .text               lcd.o
    0x08005446   0x00000002   PAD
    0x08005448   0x00000204   Code   RO          247    .text               spi.o
    0x0800564c   0x0000017a   Code   RO          262    .text               24cxx.o
    0x080057c6   0x00000002   PAD
    0x080057c8   0x00000fc0   Code   RO          289    .text               touch.o
    0x08006788   0x00000278   Code   RO          312    .text               ctiic.o
    0x08006a00   0x00000368   Code   RO          327    .text               ott2001a.o
    0x08006d68   0x00000280   Code   RO          343    .text               myiic.o
    0x08006fe8   0x00000384   Code   RO          355    .text               flash.o
    0x0800736c   0x00000560   Code   RO          374    .text               mmc_sd.o
    0x080078cc   0x000000d4   Code   RO          392    .text               delay.o
    0x080079a0   0x0000000c   Code   RO          406    .text               sys.o
    0x080079ac   0x00000140   Code   RO          418    .text               usart.o
    0x08007aec   0x00000040   Code   RO          455    .text               startup_stm32f10x_hd.o
    0x08007b2c   0x000000dc   Code   RO          459    .text               misc.o
    0x08007c08   0x0000060c   Code   RO          471    .text               stm32f10x_fsmc.o
    0x08008214   0x0000035c   Code   RO          483    .text               stm32f10x_gpio.o
    0x08008570   0x000003a4   Code   RO          495    .text               stm32f10x_rcc.o
    0x08008914   0x00000408   Code   RO          509    .text               stm32f10x_usart.o
    0x08008d1c   0x0000030c   Code   RO          521    .text               stm32f10x_spi.o
    0x08009028   0x00000234   Code   RO          533    .text               malloc.o
    0x0800925c   0x000003cc   Code   RO          555    .text               fontupd.o
    0x08009628   0x000002f0   Code   RO          588    .text               text.o
    0x08009918   0x000000c8   Code   RO          660    .text               mycc936.o
    0x080099e0   0x00003150   Code   RO          673    .text               ff.o
    0x0800cb30   0x0000020c   Code   RO          694    .text               diskio.o
    0x0800cd3c   0x00000030   Code   RO          717    .text               atk_ncr.o
    0x0800cd6c   0x00001bc0   Code   RO          729    .text               ATKNCR_M_V2.0.lib(recognition.o)
    0x0800e92c   0x00000002   Code   RO          777    .text               c_w.l(use_no_semi_2.o)
    0x0800e92e   0x00000002   PAD
    0x0800e930   0x00000018   Code   RO          781    .text               c_w.l(noretval__2printf.o)
    0x0800e948   0x00000068   Code   RO          783    .text               c_w.l(__printf.o)
    0x0800e9b0   0x00000078   Code   RO          787    .text               c_w.l(_printf_dec.o)
    0x0800ea28   0x00000058   Code   RO          792    .text               c_w.l(_printf_hex_int.o)
    0x0800ea80   0x0000008a   Code   RO          837    .text               c_w.l(rt_memcpy_v6.o)
    0x0800eb0a   0x00000006   Code   RO          841    .text               c_w.l(heapauxi.o)
    0x0800eb10   0x00000002   Code   RO          917    .text               c_w.l(use_no_semi.o)
    0x0800eb12   0x00000016   Code   RO          920    .text               c_w.l(_rserrno.o)
    0x0800eb28   0x000000b2   Code   RO          922    .text               c_w.l(_printf_intcommon.o)
    0x0800ebda   0x00000002   PAD
    0x0800ebdc   0x00000024   Code   RO          926    .text               c_w.l(_printf_char_file.o)
    0x0800ec00   0x00000064   Code   RO          929    .text               c_w.l(rt_memcpy_w.o)
    0x0800ec64   0x00000008   Code   RO          984    .text               c_w.l(rt_errno_addr_intlibspace.o)
    0x0800ec6c   0x00000030   Code   RO          986    .text               c_w.l(_printf_char_common.o)
    0x0800ec9c   0x00000008   Code   RO          988    .text               c_w.l(ferror.o)
    0x0800eca4   0x00000008   Code   RO          994    .text               c_w.l(libspace.o)
    0x0800ecac   0x0000004a   Code   RO          997    .text               c_w.l(sys_stackheap_outer.o)
    0x0800ecf6   0x0000000c   Code   RO         1001    .text               c_w.l(exit.o)
    0x0800ed02   0x00000026   Code   RO          950    i.__ARM_fpclassifyf  m_ws.l(fpclassifyf.o)
    0x0800ed28   0x0000000a   Code   RO          952    i.__mathlib_flt_divzero  m_ws.l(funder.o)
    0x0800ed32   0x00000004   Code   RO          954    i.__mathlib_flt_infnan2  m_ws.l(funder.o)
    0x0800ed36   0x00000008   Code   RO          955    i.__mathlib_flt_invalid  m_ws.l(funder.o)
    0x0800ed3e   0x0000000a   Code   RO          956    i.__mathlib_flt_overflow  m_ws.l(funder.o)
    0x0800ed48   0x0000000a   Code   RO          958    i.__mathlib_flt_underflow  m_ws.l(funder.o)
    0x0800ed52   0x00000002   PAD
    0x0800ed54   0x000005e4   Code   RO          900    i.powf              m_ws.l(powf.o)
    0x0800f338   0x0000004c   Code   RO          910    i.sqrt              m_ws.l(sqrt.o)
    0x0800f384   0x00000150   Code   RO          845    x$fpl$dadd          fz_ws.l(daddsub_clz.o)
    0x0800f4d4   0x00000018   Code   RO          931    x$fpl$dcmpinf       fz_ws.l(dcmpi.o)
    0x0800f4ec   0x0000005a   Code   RO          851    x$fpl$dfixu         fz_ws.l(dfixu.o)
    0x0800f546   0x0000002e   Code   RO          856    x$fpl$dflt          fz_ws.l(dflt_clz.o)
    0x0800f574   0x00000026   Code   RO          855    x$fpl$dfltu         fz_ws.l(dflt_clz.o)
    0x0800f59a   0x00000002   PAD
    0x0800f59c   0x00000078   Code   RO          861    x$fpl$dleqf         fz_ws.l(dleqf.o)
    0x0800f614   0x00000154   Code   RO          863    x$fpl$dmul          fz_ws.l(dmul.o)
    0x0800f768   0x0000009c   Code   RO          933    x$fpl$dnaninf       fz_ws.l(dnaninf.o)
    0x0800f804   0x0000000c   Code   RO          935    x$fpl$dretinf       fz_ws.l(dretinf.o)
    0x0800f810   0x0000006c   Code   RO          865    x$fpl$drleqf        fz_ws.l(drleqf.o)
    0x0800f87c   0x00000016   Code   RO          846    x$fpl$drsb          fz_ws.l(daddsub_clz.o)
    0x0800f892   0x00000002   PAD
    0x0800f894   0x000001cc   Code   RO          937    x$fpl$dsqrt         fz_ws.l(dsqrt_noumaal.o)
    0x0800fa60   0x000001d4   Code   RO          847    x$fpl$dsub          fz_ws.l(daddsub_clz.o)
    0x0800fc34   0x00000056   Code   RO          867    x$fpl$f2d           fz_ws.l(f2d.o)
    0x0800fc8a   0x00000002   PAD
    0x0800fc8c   0x000000c4   Code   RO          869    x$fpl$fadd          fz_ws.l(faddsub_clz.o)
    0x0800fd50   0x0000000c   Code   RO          992    x$fpl$fcheck1       fz_ws.l(fcheck1.o)
    0x0800fd5c   0x00000018   Code   RO          939    x$fpl$fcmpinf       fz_ws.l(fcmpi.o)
    0x0800fd74   0x00000184   Code   RO          876    x$fpl$fdiv          fz_ws.l(fdiv.o)
    0x0800fef8   0x00000068   Code   RO          879    x$fpl$feqf          fz_ws.l(feqf.o)
    0x0800ff60   0x00000036   Code   RO          881    x$fpl$ffix          fz_ws.l(ffix.o)
    0x0800ff96   0x00000002   PAD
    0x0800ff98   0x00000052   Code   RO          882    x$fpl$ffixr         fz_ws.l(ffix.o)
    0x0800ffea   0x00000002   PAD
    0x0800ffec   0x0000003e   Code   RO          885    x$fpl$ffixu         fz_ws.l(ffixu.o)
    0x0801002a   0x00000002   PAD
    0x0801002c   0x00000030   Code   RO          890    x$fpl$fflt          fz_ws.l(fflt_clz.o)
    0x0801005c   0x00000026   Code   RO          889    x$fpl$ffltu         fz_ws.l(fflt_clz.o)
    0x08010082   0x00000002   PAD
    0x08010084   0x00000068   Code   RO          895    x$fpl$fleqf         fz_ws.l(fleqf.o)
    0x080100ec   0x00000102   Code   RO          897    x$fpl$fmul          fz_ws.l(fmul.o)
    0x080101ee   0x0000008c   Code   RO          941    x$fpl$fnaninf       fz_ws.l(fnaninf.o)
    0x0801027a   0x0000000a   Code   RO          943    x$fpl$fretinf       fz_ws.l(fretinf.o)
    0x08010284   0x00000014   Code   RO          870    x$fpl$frsb          fz_ws.l(faddsub_clz.o)
    0x08010298   0x000000ea   Code   RO          871    x$fpl$fsub          fz_ws.l(faddsub_clz.o)
    0x08010382   0x00000064   Code   RO         1009    x$fpl$retnan        fz_ws.l(retnan.o)
    0x080103e6   0x0000004c   Code   RO          947    x$fpl$scalbnf       fz_ws.l(scalbnf.o)
    0x08010432   0x00000030   Code   RO         1058    x$fpl$trapveneer    fz_ws.l(trapv.o)
    0x08010462   0x00000000   Code   RO          949    x$fpl$usenofp       fz_ws.l(usenofp.o)
    0x08010462   0x00000a64   Data   RO          226    .constdata          lcd.o
    0x08010ec6   0x0000000a   Data   RO          328    .constdata          ott2001a.o
    0x08010ed0   0x00000018   Data   RO          537    .constdata          malloc.o
    0x08010ee8   0x000003c0   Data   RO          661    .constdata          mycc936.o
    0x080112a8   0x0000003a   Data   RO          674    .constdata          ff.o
    0x080112e2   0x00000002   PAD
    0x080112e4   0x0000848e   Data   RO          731    .constdata          ATKNCR_M_V2.0.lib(recognition.o)
    0x08019772   0x00000028   Data   RO          793    .constdata          c_w.l(_printf_hex_int.o)
    0x0801979a   0x00000002   PAD
    0x0801979c   0x00000140   Data   RO          901    .constdata          m_ws.l(powf.o)
    0x080198dc   0x00000079   Data   RO          290    .conststring        touch.o
    0x08019955   0x00000003   PAD
    0x08019958   0x000000a5   Data   RO          557    .conststring        fontupd.o
    0x080199fd   0x00000003   PAD
    0x08019a00   0x00000020   Data   RO         1132    Region$$Table       anon$$obj.o


    Execution Region RW_IRAM1 (Base: 0x20000000, Size: 0x0000c8a8, Max: 0x00010000, ABSOLUTE)

    Base Addr    Size         Type   Attr      Idx    E Section Name        Object

    0x20000000   0x00000004   Data   RW            3    .data               main.o
    0x20000004   0x00000014   Data   RW          150    .data               system_stm32f10x.o
    0x20000018   0x0000000c   Data   RW          168    .data               write.o
    0x20000024   0x00000001   Data   RW          212    .data               key.o
    0x20000025   0x00000001   PAD
    0x20000026   0x00000004   Data   RW          227    .data               lcd.o
    0x2000002a   0x00000002   PAD
    0x2000002c   0x0000003c   Data   RW          291    .data               touch.o
    0x20000068   0x00000001   Data   RW          329    .data               ott2001a.o
    0x20000069   0x00000001   PAD
    0x2000006a   0x00000002   Data   RW          357    .data               flash.o
    0x2000006c   0x00000001   Data   RW          375    .data               mmc_sd.o
    0x2000006d   0x00000001   PAD
    0x2000006e   0x00000004   Data   RW          393    .data               delay.o
    0x20000072   0x00000002   PAD
    0x20000074   0x00000006   Data   RW          420    .data               usart.o
    0x2000007a   0x00000014   Data   RW          496    .data               stm32f10x_rcc.o
    0x2000008e   0x00000002   PAD
    0x20000090   0x0000001c   Data   RW          538    .data               malloc.o
    0x200000ac   0x0000001c   Data   RW          558    .data               fontupd.o
    0x200000c8   0x0000000b   Data   RW          675    .data               ff.o
    0x200000d3   0x00000001   PAD
    0x200000d4   0x00000002   Data   RW          695    .data               diskio.o
    0x200000d6   0x00000002   PAD
    0x200000d8   0x0000001c   Data   RW          732    .data               ATKNCR_M_V2.0.lib(recognition.o)
    0x200000f4   0x00000640   Zero   RW            2    .bss                main.o
    0x20000734   0x0000000e   Zero   RW          225    .bss                lcd.o
    0x20000742   0x00001000   Zero   RW          356    .bss                flash.o
    0x20001742   0x000000c8   Zero   RW          419    .bss                usart.o
    0x2000180a   0x00000002   PAD
    0x2000180c   0x0000aa00   Zero   RW          536    .bss                malloc.o
    0x2000c20c   0x00000010   Zero   RW          556    .bss                fontupd.o
    0x2000c21c   0x00000028   Zero   RW          730    .bss                ATKNCR_M_V2.0.lib(recognition.o)
    0x2000c244   0x00000060   Zero   RW          995    .bss                c_w.l(libspace.o)
    0x2000c2a4   0x00000004   PAD
    0x2000c2a8   0x00000200   Zero   RW          453    HEAP                startup_stm32f10x_hd.o
    0x2000c4a8   0x00000400   Zero   RW          452    STACK               startup_stm32f10x_hd.o



  Load Region LR$$.ARM.__AT_0x68000000 (Base: 0x68000000, Size: 0x00000000, Max: 0x00030000, ABSOLUTE)

    Execution Region ER$$.ARM.__AT_0x68000000 (Base: 0x68000000, Size: 0x00030000, Max: 0x00030000, ABSOLUTE, UNINIT)

    Base Addr    Size         Type   Attr      Idx    E Section Name        Object

    0x68000000   0x00030000   Zero   RW          534    .ARM.__AT_0x68000000  malloc.o



  Load Region LR$$.ARM.__AT_0x68030000 (Base: 0x68030000, Size: 0x00000000, Max: 0x00003000, ABSOLUTE)

    Execution Region ER$$.ARM.__AT_0x68030000 (Base: 0x68030000, Size: 0x00003000, Max: 0x00003000, ABSOLUTE, UNINIT)

    Base Addr    Size         Type   Attr      Idx    E Section Name        Object

    0x68030000   0x00003000   Zero   RW          535    .ARM.__AT_0x68030000  malloc.o


==============================================================================

Image component sizes


      Code (inc. data)   RO Data    RW Data    ZI Data      Debug   Object Name

       378          0          0          0          0       2554   24cxx.o
        48          0          0          0          0        904   atk_ncr.o
         0          0          0          0          0         32   core_cm3.o
       632         26          0          0          0       1973   ctiic.o
       212         18          0          4          0        919   delay.o
       524         14          0          2          0       3568   diskio.o
     12624        132         58         11          0      33195   ff.o
       900         30          0          2       4096       4225   flash.o
       972        120        165         28         16       6392   fontupd.o
       252         12          0          1          0        784   key.o
     18462        140       2660          4         14      21655   lcd.o
        76          8          0          0          0        451   led.o
      1084        144          0          4       1600     249015   main.o
       564         18         24         28     252416       4320   malloc.o
        18          0          0          0          0        447   method.o
       220         22          0          0          0       1705   misc.o
      1376         24          0          1          0       5554   mmc_sd.o
       200         14        960          0          0       1485   mycc936.o
       640         14          0          0          0       1808   myiic.o
       872         60         10          1          0       2474   ott2001a.o
       516         18          0          0          0       1788   spi.o
        64         26        304          0       1536        756   startup_stm32f10x_hd.o
      1548         18          0          0          0       5251   stm32f10x_fsmc.o
       860         38          0          0          0       5549   stm32f10x_gpio.o
        26          0          0          0          0       1134   stm32f10x_it.o
       932         36          0         20          0       8672   stm32f10x_rcc.o
       780         14          0          0          0       6430   stm32f10x_spi.o
      1032         22          0          0          0       8276   stm32f10x_usart.o
        12          0          0          0          0        405   sys.o
       480         38          0         20          0       1599   system_stm32f10x.o
       752         14          0          0          0       3168   text.o
      4032        210        121         60          0       6365   touch.o
       320         16          0          6        200       2994   usart.o
       696         14          0         12          0       2803   write.o

    ----------------------------------------------------------------------
     52112       1260       4342        216     259880     398650   Object Totals
         0          0         32          0          0          0   (incl. Generated)
         8          0          8         12          2          0   (incl. Padding)

    ----------------------------------------------------------------------

      Code (inc. data)   RO Data    RW Data    ZI Data      Debug   Library Member Name

      7104        142      33934         28         40      12863   recognition.o
         8          0          0          0          0         68   __main.o
       104          0          0          0          0         84   __printf.o
         0          0          0          0          0          0   __rtentry.o
        12          0          0          0          0          0   __rtentry2.o
         6          0          0          0          0          0   __rtentry4.o
        52          8          0          0          0          0   __scatter.o
        26          0          0          0          0          0   __scatter_copy.o
        28          0          0          0          0          0   __scatter_zi.o
        48          6          0          0          0         96   _printf_char_common.o
        36          4          0          0          0         80   _printf_char_file.o
         6          0          0          0          0          0   _printf_d.o
       120         16          0          0          0         92   _printf_dec.o
        88          4         40          0          0         88   _printf_hex_int.o
       178          0          0          0          0         88   _printf_intcommon.o
         0          0          0          0          0          0   _printf_percent.o
         4          0          0          0          0          0   _printf_percent_end.o
         6          0          0          0          0          0   _printf_x.o
        22          0          0          0          0        100   _rserrno.o
        12          0          0          0          0         72   exit.o
         8          0          0          0          0         68   ferror.o
         6          0          0          0          0        152   heapauxi.o
         2          0          0          0          0          0   libinit.o
         2          0          0          0          0          0   libinit2.o
         2          0          0          0          0          0   libshutdown.o
         2          0          0          0          0          0   libshutdown2.o
         8          4          0          0         96         68   libspace.o
        24          4          0          0          0         84   noretval__2printf.o
         8          4          0          0          0         68   rt_errno_addr_intlibspace.o
       138          0          0          0          0         68   rt_memcpy_v6.o
       100          0          0          0          0         80   rt_memcpy_w.o
         2          0          0          0          0          0   rtexit.o
        10          0          0          0          0          0   rtexit2.o
        74          0          0          0          0         80   sys_stackheap_outer.o
         2          0          0          0          0         68   use_no_semi.o
         2          0          0          0          0         68   use_no_semi_2.o
       826         16          0          0          0        348   daddsub_clz.o
        24          0          0          0          0         68   dcmpi.o
        90          4          0          0          0         92   dfixu.o
        84          0          0          0          0        136   dflt_clz.o
       120          4          0          0          0         92   dleqf.o
       340         12          0          0          0        104   dmul.o
       156          4          0          0          0         92   dnaninf.o
        12          0          0          0          0         68   dretinf.o
       108          0          0          0          0         80   drleqf.o
       460         56          0          0          0        120   dsqrt_noumaal.o
        86          4          0          0          0         84   f2d.o
       450          8          0          0          0        236   faddsub_clz.o
        12          4          0          0          0         68   fcheck1.o
        24          0          0          0          0         68   fcmpi.o
       388         76          0          0          0         96   fdiv.o
       104          4          0          0          0         84   feqf.o
       136          8          0          0          0        168   ffix.o
        62          4          0          0          0         84   ffixu.o
        86          0          0          0          0        136   fflt_clz.o
       104          4          0          0          0         84   fleqf.o
       258          4          0          0          0         84   fmul.o
       140          4          0          0          0         84   fnaninf.o
        10          0          0          0          0         68   fretinf.o
       100          0          0          0          0         68   retnan.o
        76          0          0          0          0         68   scalbnf.o
        48          0          0          0          0         68   trapv.o
         0          0          0          0          0          0   usenofp.o
        38          0          0          0          0         68   fpclassifyf.o
        42          0          0          0          0        340   funder.o
      1508         76        320          0          0        224   powf.o
        76          0          0          0          0         84   sqrt.o

    ----------------------------------------------------------------------
     14242        484      34296         28        140      17899   Library Totals
        24          0          2          0          4          0   (incl. Padding)

    ----------------------------------------------------------------------

      Code (inc. data)   RO Data    RW Data    ZI Data      Debug   Library Name

      7104        142      33934         28         40      12863   ATKNCR_M_V2.0.lib
      1146         50         40          0         96       1572   c_w.l
      4304        216          0          0          0       2748   fz_ws.l
      1664         76        320          0          0        716   m_ws.l

    ----------------------------------------------------------------------
     14242        484      34296         28        140      17899   Library Totals

    ----------------------------------------------------------------------

==============================================================================


      Code (inc. data)   RO Data    RW Data    ZI Data      Debug   

     66354       1744      38638        244     260020     410981   Grand Totals
     66354       1744      38638        244     260020     410981   ELF Image Totals
     66354       1744      38638        244          0          0   ROM Totals

==============================================================================

    Total RO  Size (Code + RO Data)               104992 ( 102.53kB)
    Total RW  Size (RW Data + ZI Data)            260264 ( 254.16kB)
    Total ROM Size (Code + RO Data + RW Data)     105236 ( 102.77kB)

==============================================================================

